Archive member included to satisfy reference by file (symbol)

c:/compilers/arm-none-eabi/11.2_2022.02/bin/../lib/gcc/arm-none-eabi/11.2.1/thumb/v7-m/nofp\libc_nano.a(lib_a-exit.o)
                              c:/compilers/arm-none-eabi/11.2_2022.02/bin/../lib/gcc/arm-none-eabi/11.2.1/thumb/v7-m/nofp/crt0.o (exit)
c:/compilers/arm-none-eabi/11.2_2022.02/bin/../lib/gcc/arm-none-eabi/11.2.1/thumb/v7-m/nofp\libc_nano.a(lib_a-impure.o)
                              c:/compilers/arm-none-eabi/11.2_2022.02/bin/../lib/gcc/arm-none-eabi/11.2.1/thumb/v7-m/nofp\libc_nano.a(lib_a-exit.o) (_global_impure_ptr)
c:/compilers/arm-none-eabi/11.2_2022.02/bin/../lib/gcc/arm-none-eabi/11.2.1/thumb/v7-m/nofp\libc_nano.a(lib_a-init.o)
                              c:/compilers/arm-none-eabi/11.2_2022.02/bin/../lib/gcc/arm-none-eabi/11.2.1/thumb/v7-m/nofp/crt0.o (__libc_init_array)
c:/compilers/arm-none-eabi/11.2_2022.02/bin/../lib/gcc/arm-none-eabi/11.2.1/thumb/v7-m/nofp\libc_nano.a(lib_a-memcpy-stub.o)
                              build/queue.o (memcpy)
c:/compilers/arm-none-eabi/11.2_2022.02/bin/../lib/gcc/arm-none-eabi/11.2.1/thumb/v7-m/nofp\libc_nano.a(lib_a-memset.o)
                              c:/compilers/arm-none-eabi/11.2_2022.02/bin/../lib/gcc/arm-none-eabi/11.2.1/thumb/v7-m/nofp/crt0.o (memset)
c:/compilers/arm-none-eabi/11.2_2022.02/bin/../lib/gcc/arm-none-eabi/11.2.1/thumb/v7-m/nofp\libnosys.a(_exit.o)
                              c:/compilers/arm-none-eabi/11.2_2022.02/bin/../lib/gcc/arm-none-eabi/11.2.1/thumb/v7-m/nofp\libc_nano.a(lib_a-exit.o) (_exit)

Discarded input sections

 .text          0x00000000        0x0 c:/compilers/arm-none-eabi/11.2_2022.02/bin/../lib/gcc/arm-none-eabi/11.2.1/thumb/v7-m/nofp/crti.o
 .data          0x00000000        0x0 c:/compilers/arm-none-eabi/11.2_2022.02/bin/../lib/gcc/arm-none-eabi/11.2.1/thumb/v7-m/nofp/crti.o
 .bss           0x00000000        0x0 c:/compilers/arm-none-eabi/11.2_2022.02/bin/../lib/gcc/arm-none-eabi/11.2.1/thumb/v7-m/nofp/crti.o
 .text          0x00000000        0x0 c:/compilers/arm-none-eabi/11.2_2022.02/bin/../lib/gcc/arm-none-eabi/11.2.1/thumb/v7-m/nofp/crtbegin.o
 .data          0x00000000        0x0 c:/compilers/arm-none-eabi/11.2_2022.02/bin/../lib/gcc/arm-none-eabi/11.2.1/thumb/v7-m/nofp/crtbegin.o
 .bss           0x00000000        0x0 c:/compilers/arm-none-eabi/11.2_2022.02/bin/../lib/gcc/arm-none-eabi/11.2.1/thumb/v7-m/nofp/crtbegin.o
 .rodata.all_implied_fbits
                0x00000000       0x24 c:/compilers/arm-none-eabi/11.2_2022.02/bin/../lib/gcc/arm-none-eabi/11.2.1/thumb/v7-m/nofp/crtbegin.o
 .data.__dso_handle
                0x00000000        0x4 c:/compilers/arm-none-eabi/11.2_2022.02/bin/../lib/gcc/arm-none-eabi/11.2.1/thumb/v7-m/nofp/crtbegin.o
 .text          0x00000000       0x7c c:/compilers/arm-none-eabi/11.2_2022.02/bin/../lib/gcc/arm-none-eabi/11.2.1/thumb/v7-m/nofp/crt0.o
 .data          0x00000000        0x0 c:/compilers/arm-none-eabi/11.2_2022.02/bin/../lib/gcc/arm-none-eabi/11.2.1/thumb/v7-m/nofp/crt0.o
 .bss           0x00000000        0x0 c:/compilers/arm-none-eabi/11.2_2022.02/bin/../lib/gcc/arm-none-eabi/11.2.1/thumb/v7-m/nofp/crt0.o
 .ARM.extab     0x00000000        0x0 c:/compilers/arm-none-eabi/11.2_2022.02/bin/../lib/gcc/arm-none-eabi/11.2.1/thumb/v7-m/nofp/crt0.o
 .ARM.exidx     0x00000000       0x10 c:/compilers/arm-none-eabi/11.2_2022.02/bin/../lib/gcc/arm-none-eabi/11.2.1/thumb/v7-m/nofp/crt0.o
 .debug_line    0x00000000       0x76 c:/compilers/arm-none-eabi/11.2_2022.02/bin/../lib/gcc/arm-none-eabi/11.2.1/thumb/v7-m/nofp/crt0.o
 .debug_line_str
                0x00000000       0xa6 c:/compilers/arm-none-eabi/11.2_2022.02/bin/../lib/gcc/arm-none-eabi/11.2.1/thumb/v7-m/nofp/crt0.o
 .debug_info    0x00000000       0x24 c:/compilers/arm-none-eabi/11.2_2022.02/bin/../lib/gcc/arm-none-eabi/11.2.1/thumb/v7-m/nofp/crt0.o
 .debug_abbrev  0x00000000       0x14 c:/compilers/arm-none-eabi/11.2_2022.02/bin/../lib/gcc/arm-none-eabi/11.2.1/thumb/v7-m/nofp/crt0.o
 .debug_aranges
                0x00000000       0x20 c:/compilers/arm-none-eabi/11.2_2022.02/bin/../lib/gcc/arm-none-eabi/11.2.1/thumb/v7-m/nofp/crt0.o
 .debug_str     0x00000000       0x9f c:/compilers/arm-none-eabi/11.2_2022.02/bin/../lib/gcc/arm-none-eabi/11.2.1/thumb/v7-m/nofp/crt0.o
 .ARM.attributes
                0x00000000       0x1b c:/compilers/arm-none-eabi/11.2_2022.02/bin/../lib/gcc/arm-none-eabi/11.2.1/thumb/v7-m/nofp/crt0.o
 .text          0x00000000        0x0 build/main.o
 .data          0x00000000        0x0 build/main.o
 .bss           0x00000000        0x0 build/main.o
 .text          0x00000000        0x0 build/gpio.o
 .data          0x00000000        0x0 build/gpio.o
 .bss           0x00000000        0x0 build/gpio.o
 .text          0x00000000        0x0 build/stm32f1xx_it.o
 .data          0x00000000        0x0 build/stm32f1xx_it.o
 .bss           0x00000000        0x0 build/stm32f1xx_it.o
[...]
Memory Configuration

Name             Origin             Length             Attributes
RAM              0x20000000         0x00005000         xrw
FLASH            0x08000000         0x00010000         xr
*default*        0x00000000         0xffffffff

Linker script and memory map

LOAD c:/compilers/arm-none-eabi/11.2_2022.02/bin/../lib/gcc/arm-none-eabi/11.2.1/thumb/v7-m/nofp/crti.o
LOAD c:/compilers/arm-none-eabi/11.2_2022.02/bin/../lib/gcc/arm-none-eabi/11.2.1/thumb/v7-m/nofp/crtbegin.o
LOAD c:/compilers/arm-none-eabi/11.2_2022.02/bin/../lib/gcc/arm-none-eabi/11.2.1/thumb/v7-m/nofp/crt0.o
LOAD build/main.o
LOAD build/gpio.o
LOAD build/stm32f1xx_it.o
LOAD build/stm32f1xx_hal_msp.o
LOAD build/stm32f1xx_hal_gpio_ex.o
LOAD build/stm32f1xx_hal_tim.o
LOAD build/stm32f1xx_hal_tim_ex.o
LOAD build/stm32f1xx_hal.o
LOAD build/stm32f1xx_hal_rcc.o
LOAD build/stm32f1xx_hal_rcc_ex.o
LOAD build/stm32f1xx_hal_gpio.o
LOAD build/stm32f1xx_hal_dma.o
LOAD build/stm32f1xx_hal_cortex.o
LOAD build/stm32f1xx_hal_pwr.o
LOAD build/stm32f1xx_hal_flash.o
LOAD build/stm32f1xx_hal_flash_ex.o
LOAD build/stm32f1xx_hal_exti.o
LOAD build/system_stm32f1xx.o
LOAD build/adc.o
LOAD build/stm32f1xx_hal_adc.o
LOAD build/stm32f1xx_hal_adc_ex.o
LOAD build/dma.o
LOAD build/usart.o
LOAD build/stm32f1xx_hal_uart.o
LOAD build/freertos.o
LOAD build/croutine.o
LOAD build/event_groups.o
LOAD build/list.o
LOAD build/queue.o
LOAD build/stream_buffer.o
LOAD build/tasks.o
LOAD build/timers.o
LOAD build/cmsis_os2.o
LOAD build/heap_4.o
LOAD build/port.o
LOAD build/startup_stm32f103xb.o
LOAD c:/compilers/arm-none-eabi/11.2_2022.02/bin/../lib/gcc/arm-none-eabi/11.2.1/thumb/v7-m/nofp\libc_nano.a
LOAD c:/compilers/arm-none-eabi/11.2_2022.02/bin/../lib/gcc/arm-none-eabi/11.2.1/thumb/v7-m/nofp\libm.a
LOAD c:/compilers/arm-none-eabi/11.2_2022.02/bin/../lib/gcc/arm-none-eabi/11.2.1/thumb/v7-m/nofp\libnosys.a
START GROUP
LOAD c:/compilers/arm-none-eabi/11.2_2022.02/bin/../lib/gcc/arm-none-eabi/11.2.1/thumb/v7-m/nofp\libgcc.a
LOAD c:/compilers/arm-none-eabi/11.2_2022.02/bin/../lib/gcc/arm-none-eabi/11.2.1/thumb/v7-m/nofp\libc_nano.a
END GROUP
START GROUP
LOAD c:/compilers/arm-none-eabi/11.2_2022.02/bin/../lib/gcc/arm-none-eabi/11.2.1/thumb/v7-m/nofp\libgcc.a
LOAD c:/compilers/arm-none-eabi/11.2_2022.02/bin/../lib/gcc/arm-none-eabi/11.2.1/thumb/v7-m/nofp\libc_nano.a
END GROUP
LOAD c:/compilers/arm-none-eabi/11.2_2022.02/bin/../lib/gcc/arm-none-eabi/11.2.1/thumb/v7-m/nofp/crtend.o
LOAD c:/compilers/arm-none-eabi/11.2_2022.02/bin/../lib/gcc/arm-none-eabi/11.2.1/thumb/v7-m/nofp/crtn.o
                0x20005000                _estack = (ORIGIN (RAM) + LENGTH (RAM))
                0x00000200                _Min_Heap_Size = 0x200
                0x00000400                _Min_Stack_Size = 0x400

.isr_vector     0x08000000      0x10c
                0x08000000                . = ALIGN (0x4)
 *(.isr_vector)
 .isr_vector    0x08000000      0x10c build/startup_stm32f103xb.o
                0x08000000                g_pfnVectors
                0x0800010c                . = ALIGN (0x4)

.text           0x08000110     0x3e3c
                0x08000110                . = ALIGN (0x4)
 *(.text)
 *(.text*)
 .text.deregister_tm_clones
                0x08000110       0x1c c:/compilers/arm-none-eabi/11.2_2022.02/bin/../lib/gcc/arm-none-eabi/11.2.1/thumb/v7-m/nofp/crtbegin.o
 .text.register_tm_clones
                0x0800012c       0x24 c:/compilers/arm-none-eabi/11.2_2022.02/bin/../lib/gcc/arm-none-eabi/11.2.1/thumb/v7-m/nofp/crtbegin.o
 .text.__do_global_dtors_aux
                0x08000150       0x28 c:/compilers/arm-none-eabi/11.2_2022.02/bin/../lib/gcc/arm-none-eabi/11.2.1/thumb/v7-m/nofp/crtbegin.o
 .text.frame_dummy
                0x08000178       0x24 c:/compilers/arm-none-eabi/11.2_2022.02/bin/../lib/gcc/arm-none-eabi/11.2.1/thumb/v7-m/nofp/crtbegin.o
 .text.Error_Handler
                0x0800019c        0x4 build/main.o
                0x0800019c                Error_Handler
 .text.SystemClock_Config
                0x080001a0       0x84 build/main.o
                0x080001a0                SystemClock_Config
 .text.main     0x08000224       0x34 build/main.o
                0x08000224                main
 .text.MX_GPIO_Init
                0x08000258       0xc4 build/gpio.o
                0x08000258                MX_GPIO_Init
 .text.NMI_Handler
                0x0800031c        0x2 build/stm32f1xx_it.o
                0x0800031c                NMI_Handler
 .text.HardFault_Handler
                0x0800031e        0x2 build/stm32f1xx_it.o
                0x0800031e                HardFault_Handler
 .text.MemManage_Handler
                0x08000320        0x2 build/stm32f1xx_it.o
                0x08000320                MemManage_Handler
 .text.BusFault_Handler
                0x08000322        0x2 build/stm32f1xx_it.o
                0x08000322                BusFault_Handler
 .text.UsageFault_Handler
                0x08000324        0x2 build/stm32f1xx_it.o
                0x08000324                UsageFault_Handler
 .text.DebugMon_Handler
                0x08000326        0x2 build/stm32f1xx_it.o
                0x08000326                DebugMon_Handler
 .text.SysTick_Handler
                0x08000328       0x16 build/stm32f1xx_it.o
                0x08000328                SysTick_Handler
 *fill*         0x0800033e        0x2 
 .text.DMA1_Channel1_IRQHandler
                0x08000340       0x10 build/stm32f1xx_it.o
                0x08000340                DMA1_Channel1_IRQHandler
 .text.ADC1_2_IRQHandler
                0x08000350       0x10 build/stm32f1xx_it.o
                0x08000350                ADC1_2_IRQHandler
 .text.USART1_IRQHandler
                0x08000360       0x10 build/stm32f1xx_it.o
                0x08000360                USART1_IRQHandler
 .text.HAL_MspInit
                0x08000370       0x54 build/stm32f1xx_hal_msp.o
                0x08000370                HAL_MspInit
 .text.HAL_InitTick
                0x080003c4       0x4c build/stm32f1xx_hal.o
                0x080003c4                HAL_InitTick
 .text.HAL_Init
                0x08000410       0x24 build/stm32f1xx_hal.o
                0x08000410                HAL_Init
 .text.HAL_IncTick
                0x08000434       0x18 build/stm32f1xx_hal.o
                0x08000434                HAL_IncTick
 .text.HAL_GetTick
                0x0800044c        0xc build/stm32f1xx_hal.o
                0x0800044c                HAL_GetTick
 .text.HAL_Delay
                0x08000458       0x28 build/stm32f1xx_hal.o
                0x08000458                HAL_Delay
 .text.RCC_Delay
                0x08000480       0x2c build/stm32f1xx_hal_rcc.o
 .text.HAL_RCC_OscConfig
                0x080004ac      0x410 build/stm32f1xx_hal_rcc.o
                0x080004ac                HAL_RCC_OscConfig
 .text.HAL_RCC_GetSysClockFreq
                0x080008bc       0x54 build/stm32f1xx_hal_rcc.o
                0x080008bc                HAL_RCC_GetSysClockFreq
 .text.HAL_RCC_ClockConfig
                0x08000910      0x16c build/stm32f1xx_hal_rcc.o
                0x08000910                HAL_RCC_ClockConfig
 .text.HAL_RCC_GetHCLKFreq
                0x08000a7c        0xc build/stm32f1xx_hal_rcc.o
                0x08000a7c                HAL_RCC_GetHCLKFreq
 .text.HAL_RCC_GetPCLK1Freq
                0x08000a88       0x20 build/stm32f1xx_hal_rcc.o
                0x08000a88                HAL_RCC_GetPCLK1Freq
 .text.HAL_RCC_GetPCLK2Freq
                0x08000aa8       0x20 build/stm32f1xx_hal_rcc.o
                0x08000aa8                HAL_RCC_GetPCLK2Freq
 .text.HAL_RCCEx_PeriphCLKConfig
                0x08000ac8      0x118 build/stm32f1xx_hal_rcc_ex.o
                0x08000ac8                HAL_RCCEx_PeriphCLKConfig
 .text.HAL_RCCEx_GetPeriphCLKFreq
                0x08000be0       0xd8 build/stm32f1xx_hal_rcc_ex.o
                0x08000be0                HAL_RCCEx_GetPeriphCLKFreq
 .text.HAL_GPIO_Init
                0x08000cb8      0x224 build/stm32f1xx_hal_gpio.o
                0x08000cb8                HAL_GPIO_Init
 .text.HAL_GPIO_ReadPin
                0x08000edc        0xe build/stm32f1xx_hal_gpio.o
                0x08000edc                HAL_GPIO_ReadPin
 .text.HAL_GPIO_WritePin
                0x08000eea        0xc build/stm32f1xx_hal_gpio.o
                0x08000eea                HAL_GPIO_WritePin
 *fill*         0x08000ef6        0x2 
 .text.HAL_DMA_Init
                0x08000ef8       0x6c build/stm32f1xx_hal_dma.o
                0x08000ef8                HAL_DMA_Init
 .text.HAL_DMA_Abort
                0x08000f64       0x46 build/stm32f1xx_hal_dma.o
                0x08000f64                HAL_DMA_Abort
 *fill*         0x08000faa        0x2 
 .text.HAL_DMA_Abort_IT
                0x08000fac       0x98 build/stm32f1xx_hal_dma.o
                0x08000fac                HAL_DMA_Abort_IT
 .text.HAL_DMA_IRQHandler
                0x08001044      0x144 build/stm32f1xx_hal_dma.o
                0x08001044                HAL_DMA_IRQHandler
 .text.HAL_NVIC_SetPriorityGrouping
                0x08001188       0x24 build/stm32f1xx_hal_cortex.o
                0x08001188                HAL_NVIC_SetPriorityGrouping
 .text.HAL_NVIC_SetPriority
                0x080011ac       0x70 build/stm32f1xx_hal_cortex.o
                0x080011ac                HAL_NVIC_SetPriority
 .text.HAL_NVIC_EnableIRQ
                0x0800121c       0x1c build/stm32f1xx_hal_cortex.o
                0x0800121c                HAL_NVIC_EnableIRQ
 .text.HAL_SYSTICK_Config
                0x08001238       0x28 build/stm32f1xx_hal_cortex.o
                0x08001238                HAL_SYSTICK_Config
 .text.SystemInit
                0x08001260        0x2 build/system_stm32f1xx.o
                0x08001260                SystemInit
 *fill*         0x08001262        0x2 
 .text.MX_ADC1_Init
                0x08001264       0x5c build/adc.o
                0x08001264                MX_ADC1_Init
 .text.HAL_ADC_MspInit
                0x080012c0       0xac build/adc.o
                0x080012c0                HAL_ADC_MspInit
 .text.HAL_ADC_PollForConversion
                0x0800136c      0x184 build/stm32f1xx_hal_adc.o
                0x0800136c                HAL_ADC_PollForConversion
 .text.HAL_ADC_GetValue
                0x080014f0        0x6 build/stm32f1xx_hal_adc.o
                0x080014f0                HAL_ADC_GetValue
 .text.HAL_ADC_ConvCpltCallback
                0x080014f6        0x2 build/stm32f1xx_hal_adc.o
                0x080014f6                HAL_ADC_ConvCpltCallback
 .text.HAL_ADC_LevelOutOfWindowCallback
                0x080014f8        0x2 build/stm32f1xx_hal_adc.o
                0x080014f8                HAL_ADC_LevelOutOfWindowCallback
 .text.HAL_ADC_IRQHandler
                0x080014fa      0x102 build/stm32f1xx_hal_adc.o
                0x080014fa                HAL_ADC_IRQHandler
 .text.HAL_ADC_ConfigChannel
                0x080015fc      0x140 build/stm32f1xx_hal_adc.o
                0x080015fc                HAL_ADC_ConfigChannel
 .text.ADC_Enable
                0x0800173c       0x88 build/stm32f1xx_hal_adc.o
                0x0800173c                ADC_Enable
 .text.HAL_ADC_Start
                0x080017c4       0xe8 build/stm32f1xx_hal_adc.o
                0x080017c4                HAL_ADC_Start
 .text.ADC_ConversionStop_Disable
                0x080018ac       0x56 build/stm32f1xx_hal_adc.o
                0x080018ac                ADC_ConversionStop_Disable
 *fill*         0x08001902        0x2 
 .text.HAL_ADC_Init
                0x08001904      0x108 build/stm32f1xx_hal_adc.o
                0x08001904                HAL_ADC_Init
 .text.HAL_ADCEx_InjectedConvCpltCallback
                0x08001a0c        0x2 build/stm32f1xx_hal_adc_ex.o
                0x08001a0c                HAL_ADCEx_InjectedConvCpltCallback
 *fill*         0x08001a0e        0x2 
 .text.MX_DMA_Init
                0x08001a10       0x34 build/dma.o
                0x08001a10                MX_DMA_Init
 .text.MX_USART1_UART_Init
                0x08001a44       0x34 build/usart.o
                0x08001a44                MX_USART1_UART_Init
 .text.HAL_UART_MspInit
                0x08001a78       0x98 build/usart.o
                0x08001a78                HAL_UART_MspInit
 .text.UART_EndRxTransfer
                0x08001b10       0x5c build/stm32f1xx_hal_uart.o
 .text.UART_Transmit_IT
                0x08001b6c       0x60 build/stm32f1xx_hal_uart.o
 .text.UART_SetConfig
                0x08001bcc       0x94 build/stm32f1xx_hal_uart.o
 .text.UART_WaitOnFlagUntilTimeout
                0x08001c60       0x84 build/stm32f1xx_hal_uart.o
 .text.HAL_UART_Init
                0x08001ce4       0x60 build/stm32f1xx_hal_uart.o
                0x08001ce4                HAL_UART_Init
 .text.HAL_UART_Transmit
                0x08001d44       0xbe build/stm32f1xx_hal_uart.o
                0x08001d44                HAL_UART_Transmit
 .text.HAL_UART_TxCpltCallback
                0x08001e02        0x2 build/stm32f1xx_hal_uart.o
                0x08001e02                HAL_UART_TxCpltCallback
 .text.UART_EndTransmit_IT
                0x08001e04       0x1a build/stm32f1xx_hal_uart.o
 .text.HAL_UART_RxCpltCallback
                0x08001e1e        0x2 build/stm32f1xx_hal_uart.o
                0x08001e1e                HAL_UART_RxCpltCallback
 .text.HAL_UART_ErrorCallback
                0x08001e20        0x2 build/stm32f1xx_hal_uart.o
                0x08001e20                HAL_UART_ErrorCallback
 .text.UART_DMAAbortOnError
                0x08001e22       0x10 build/stm32f1xx_hal_uart.o
 .text.HAL_UARTEx_RxEventCallback
                0x08001e32        0x2 build/stm32f1xx_hal_uart.o
                0x08001e32                HAL_UARTEx_RxEventCallback
 .text.UART_Receive_IT
                0x08001e34       0xe6 build/stm32f1xx_hal_uart.o
 *fill*         0x08001f1a        0x2 
 .text.HAL_UART_IRQHandler
                0x08001f1c      0x288 build/stm32f1xx_hal_uart.o
                0x08001f1c                HAL_UART_IRQHandler
 .text.StartDefaultTask
                0x080021a4       0x28 build/freertos.o
                0x080021a4                StartDefaultTask
 .text.StartBlink
                0x080021cc       0x34 build/freertos.o
                0x080021cc                StartBlink
 .text.StartButton
                0x08002200       0x60 build/freertos.o
                0x08002200                StartButton
 .text.StartPot
                0x08002260       0x1c build/freertos.o
                0x08002260                StartPot
 .text.MX_FREERTOS_Init
                0x0800227c       0x6c build/freertos.o
                0x0800227c                MX_FREERTOS_Init
 .text.vListInitialise
                0x080022e8       0x16 build/list.o
                0x080022e8                vListInitialise
 .text.vListInitialiseItem
                0x080022fe        0x6 build/list.o
                0x080022fe                vListInitialiseItem
 .text.vListInsertEnd
                0x08002304       0x16 build/list.o
                0x08002304                vListInsertEnd
 .text.vListInsert
                0x0800231a       0x32 build/list.o
                0x0800231a                vListInsert
 .text.uxListRemove
                0x0800234c       0x26 build/list.o
                0x0800234c                uxListRemove
 .text.prvIsQueueFull
                0x08002372       0x1e build/queue.o
 .text.prvIsQueueEmpty
                0x08002390       0x1a build/queue.o
 .text.prvCopyDataToQueue
                0x080023aa       0x76 build/queue.o
 .text.prvCopyDataFromQueue
                0x08002420       0x24 build/queue.o
 .text.prvUnlockQueue
                0x08002444       0x6e build/queue.o
 .text.xQueueGenericReset
                0x080024b2       0x84 build/queue.o
                0x080024b2                xQueueGenericReset
 .text.prvInitialiseNewQueue
                0x08002536       0x22 build/queue.o
 .text.xQueueGenericCreateStatic
                0x08002558       0x92 build/queue.o
                0x08002558                xQueueGenericCreateStatic
 .text.xQueueGenericSend
                0x080025ea      0x188 build/queue.o
                0x080025ea                xQueueGenericSend
 .text.xQueueGenericSendFromISR
                0x08002772       0xcc build/queue.o
                0x08002772                xQueueGenericSendFromISR
 .text.xQueueReceive
                0x0800283e      0x15e build/queue.o
                0x0800283e                xQueueReceive
 .text.vQueueAddToRegistry
                0x0800299c       0x28 build/queue.o
                0x0800299c                vQueueAddToRegistry
 .text.vQueueWaitForMessageRestricted
                0x080029c4       0x52 build/queue.o
                0x080029c4                vQueueWaitForMessageRestricted
 *fill*         0x08002a16        0x2 
 .text.prvResetNextTaskUnblockTime
                0x08002a18       0x2c build/tasks.o
 .text.prvInitialiseNewTask
                0x08002a44       0x98 build/tasks.o
 .text.prvInitialiseTaskLists
                0x08002adc       0x68 build/tasks.o
 .text.prvAddNewTaskToReadyList
                0x08002b44       0xac build/tasks.o
 .text.prvDeleteTCB
                0x08002bf0       0x38 build/tasks.o
 .text.prvCheckTasksWaitingTermination
                0x08002c28       0x4c build/tasks.o
 .text.prvIdleTask
                0x08002c74       0x28 build/tasks.o
 .text.prvAddCurrentTaskToDelayedList
                0x08002c9c       0x7c build/tasks.o
 .text.xTaskCreateStatic
                0x08002d18       0x74 build/tasks.o
                0x08002d18                xTaskCreateStatic
 .text.xTaskCreate
                0x08002d8c       0x68 build/tasks.o
                0x08002d8c                xTaskCreate
 .text.vTaskStartScheduler
                0x08002df4       0x9c build/tasks.o
                0x08002df4                vTaskStartScheduler
 .text.vTaskSuspendAll
                0x08002e90       0x10 build/tasks.o
                0x08002e90                vTaskSuspendAll
 .text.xTaskGetTickCount
                0x08002ea0        0xc build/tasks.o
                0x08002ea0                xTaskGetTickCount
 .text.xTaskIncrementTick
                0x08002eac      0x118 build/tasks.o
                0x08002eac                xTaskIncrementTick
 .text.xTaskResumeAll
                0x08002fc4       0xf8 build/tasks.o
                0x08002fc4                xTaskResumeAll
 .text.vTaskSwitchContext
                0x080030bc       0x94 build/tasks.o
                0x080030bc                vTaskSwitchContext
 .text.vTaskPlaceOnEventList
                0x08003150       0x30 build/tasks.o
                0x08003150                vTaskPlaceOnEventList
 .text.vTaskPlaceOnEventListRestricted
                0x08003180       0x38 build/tasks.o
                0x08003180                vTaskPlaceOnEventListRestricted
 .text.xTaskRemoveFromEventList
                0x080031b8       0x8c build/tasks.o
                0x080031b8                xTaskRemoveFromEventList
 .text.vTaskInternalSetTimeOutState
                0x08003244       0x18 build/tasks.o
                0x08003244                vTaskInternalSetTimeOutState
 .text.xTaskCheckForTimeOut
                0x0800325c       0x84 build/tasks.o
                0x0800325c                xTaskCheckForTimeOut
 .text.vTaskMissedYield
                0x080032e0        0xc build/tasks.o
                0x080032e0                vTaskMissedYield
 .text.xTaskGetSchedulerState
                0x080032ec       0x20 build/tasks.o
                0x080032ec                xTaskGetSchedulerState
 .text.xTaskPriorityDisinherit
                0x0800330c       0x90 build/tasks.o
                0x0800330c                xTaskPriorityDisinherit
 .text.prvGetNextExpireTime
                0x0800339c       0x20 build/timers.o
 .text.prvInsertTimerInActiveList
                0x080033bc       0x48 build/timers.o
 .text.prvCheckForValidListAndQueue
                0x08003404       0x70 build/timers.o
 .text.xTimerCreateTimerTask
                0x08003474       0x64 build/timers.o
                0x08003474                xTimerCreateTimerTask
 .text.xTimerGenericCommand
                0x080034d8       0x6c build/timers.o
                0x080034d8                xTimerGenericCommand
 .text.prvSwitchTimerLists
                0x08003544       0x78 build/timers.o
 .text.prvSampleTimeNow
                0x080035bc       0x2c build/timers.o
 .text.prvProcessExpiredTimer
                0x080035e8       0x60 build/timers.o
 .text.prvProcessTimerOrBlockTask
                0x08003648       0x74 build/timers.o
 .text.prvProcessReceivedCommands
                0x080036bc       0xf8 build/timers.o
 .text.prvTimerTask
                0x080037b4       0x16 build/timers.o
 *fill*         0x080037ca        0x2 
 .text.osKernelInitialize
                0x080037cc       0x44 build/cmsis_os2.o
                0x080037cc                osKernelInitialize
 .text.osKernelStart
                0x08003810       0x4c build/cmsis_os2.o
                0x08003810                osKernelStart
 .text.osThreadNew
                0x0800385c       0xec build/cmsis_os2.o
                0x0800385c                osThreadNew
 .text.vApplicationGetIdleTaskMemory
                0x08003948       0x18 build/cmsis_os2.o
                0x08003948                vApplicationGetIdleTaskMemory
 .text.vApplicationGetTimerTaskMemory
                0x08003960       0x18 build/cmsis_os2.o
                0x08003960                vApplicationGetTimerTaskMemory
 .text.prvHeapInit
                0x08003978       0x64 build/heap_4.o
 .text.prvInsertBlockIntoFreeList
                0x080039dc       0x60 build/heap_4.o
 .text.pvPortMalloc
                0x08003a3c       0xf0 build/heap_4.o
                0x08003a3c                pvPortMalloc
 .text.vPortFree
                0x08003b2c       0x70 build/heap_4.o
                0x08003b2c                vPortFree
 .text.prvTaskExitError
                0x08003b9c       0x40 build/port.o
 .text.prvPortStartFirstTask
                0x08003bdc       0x20 build/port.o
 .text.pxPortInitialiseStack
                0x08003bfc       0x24 build/port.o
                0x08003bfc                pxPortInitialiseStack
 .text.SVC_Handler
                0x08003c20       0x24 build/port.o
                0x08003c20                SVC_Handler
 .text.vPortEnterCritical
                0x08003c44       0x44 build/port.o
                0x08003c44                vPortEnterCritical
 .text.vPortExitCritical
                0x08003c88       0x2c build/port.o
                0x08003c88                vPortExitCritical
 *fill*         0x08003cb4        0xc 
 .text.PendSV_Handler
                0x08003cc0       0x44 build/port.o
                0x08003cc0                PendSV_Handler
 .text.xPortSysTickHandler
                0x08003d04       0x2c build/port.o
                0x08003d04                xPortSysTickHandler
 .text.vPortSetupTimerInterrupt
                0x08003d30       0x28 build/port.o
                0x08003d30                vPortSetupTimerInterrupt
 .text.xPortStartScheduler
                0x08003d58       0xc0 build/port.o
                0x08003d58                xPortStartScheduler
 .text.vPortValidateInterruptPriority
                0x08003e18       0x5c build/port.o
                0x08003e18                vPortValidateInterruptPriority
 .text.Reset_Handler
                0x08003e74       0x48 build/startup_stm32f103xb.o
                0x08003e74                Reset_Handler
 .text.Default_Handler
                0x08003ebc        0x2 build/startup_stm32f103xb.o
                0x08003ebc                RTC_Alarm_IRQHandler
                0x08003ebc                EXTI2_IRQHandler
                0x08003ebc                TIM1_CC_IRQHandler
                0x08003ebc                PVD_IRQHandler
                0x08003ebc                EXTI3_IRQHandler
                0x08003ebc                EXTI0_IRQHandler
                0x08003ebc                I2C2_EV_IRQHandler
                0x08003ebc                SPI1_IRQHandler
                0x08003ebc                TAMPER_IRQHandler
                0x08003ebc                DMA1_Channel4_IRQHandler
                0x08003ebc                USART3_IRQHandler
                0x08003ebc                RTC_IRQHandler
                0x08003ebc                DMA1_Channel7_IRQHandler
                0x08003ebc                CAN1_RX1_IRQHandler
                0x08003ebc                TIM4_IRQHandler
                0x08003ebc                I2C1_EV_IRQHandler
                0x08003ebc                DMA1_Channel6_IRQHandler
                0x08003ebc                TIM3_IRQHandler
                0x08003ebc                RCC_IRQHandler
                0x08003ebc                TIM1_TRG_COM_IRQHandler
                0x08003ebc                Default_Handler
                0x08003ebc                EXTI15_10_IRQHandler
                0x08003ebc                EXTI9_5_IRQHandler
                0x08003ebc                SPI2_IRQHandler
                0x08003ebc                DMA1_Channel5_IRQHandler
                0x08003ebc                EXTI4_IRQHandler
                0x08003ebc                USB_LP_CAN1_RX0_IRQHandler
                0x08003ebc                USB_HP_CAN1_TX_IRQHandler
                0x08003ebc                DMA1_Channel3_IRQHandler
                0x08003ebc                TIM1_UP_IRQHandler
                0x08003ebc                WWDG_IRQHandler
                0x08003ebc                TIM2_IRQHandler
                0x08003ebc                TIM1_BRK_IRQHandler
                0x08003ebc                EXTI1_IRQHandler
                0x08003ebc                USART2_IRQHandler
                0x08003ebc                I2C2_ER_IRQHandler
                0x08003ebc                DMA1_Channel2_IRQHandler
                0x08003ebc                CAN1_SCE_IRQHandler
                0x08003ebc                FLASH_IRQHandler
                0x08003ebc                I2C1_ER_IRQHandler
                0x08003ebc                USBWakeUp_IRQHandler
 *fill*         0x08003ebe        0x2 
 .text.__libc_init_array
                0x08003ec0       0x48 c:/compilers/arm-none-eabi/11.2_2022.02/bin/../lib/gcc/arm-none-eabi/11.2.1/thumb/v7-m/nofp\libc_nano.a(lib_a-init.o)
                0x08003ec0                __libc_init_array
 .text.memcpy   0x08003f08       0x1c c:/compilers/arm-none-eabi/11.2_2022.02/bin/../lib/gcc/arm-none-eabi/11.2.1/thumb/v7-m/nofp\libc_nano.a(lib_a-memcpy-stub.o)
                0x08003f08                memcpy
 .text.memset   0x08003f24       0x10 c:/compilers/arm-none-eabi/11.2_2022.02/bin/../lib/gcc/arm-none-eabi/11.2.1/thumb/v7-m/nofp\libc_nano.a(lib_a-memset.o)
                0x08003f24                memset
 *(.glue_7)
 .glue_7        0x08003f34        0x0 linker stubs
 *(.glue_7t)
 .glue_7t       0x08003f34        0x0 linker stubs
 *(.eh_frame)
 .eh_frame      0x08003f34        0x0 c:/compilers/arm-none-eabi/11.2_2022.02/bin/../lib/gcc/arm-none-eabi/11.2.1/thumb/v7-m/nofp/crtbegin.o
 *(.init)
 .init          0x08003f34        0x4 c:/compilers/arm-none-eabi/11.2_2022.02/bin/../lib/gcc/arm-none-eabi/11.2.1/thumb/v7-m/nofp/crti.o
                0x08003f34                _init
 .init          0x08003f38        0x8 c:/compilers/arm-none-eabi/11.2_2022.02/bin/../lib/gcc/arm-none-eabi/11.2.1/thumb/v7-m/nofp/crtn.o
 *(.fini)
 .fini          0x08003f40        0x4 c:/compilers/arm-none-eabi/11.2_2022.02/bin/../lib/gcc/arm-none-eabi/11.2.1/thumb/v7-m/nofp/crti.o
                0x08003f40                _fini
 .fini          0x08003f44        0x8 c:/compilers/arm-none-eabi/11.2_2022.02/bin/../lib/gcc/arm-none-eabi/11.2.1/thumb/v7-m/nofp/crtn.o
                0x08003f4c                . = ALIGN (0x4)
                0x08003f4c                _etext = .

.vfp11_veneer   0x08003f4c        0x0
 .vfp11_veneer  0x08003f4c        0x0 linker stubs

.v4_bx          0x08003f4c        0x0
 .v4_bx         0x08003f4c        0x0 linker stubs

.iplt           0x08003f4c        0x0
 .iplt          0x08003f4c        0x0 c:/compilers/arm-none-eabi/11.2_2022.02/bin/../lib/gcc/arm-none-eabi/11.2.1/thumb/v7-m/nofp/crtbegin.o

.rodata         0x08003f4c      0x114
                0x08003f4c                . = ALIGN (0x4)
 *(.rodata)
 *(.rodata*)
 .rodata.aPLLMULFactorTable.1
                0x08003f4c       0x10 build/stm32f1xx_hal_rcc.o
 .rodata.aPredivFactorTable.0
                0x08003f5c        0x2 build/stm32f1xx_hal_rcc.o
 *fill*         0x08003f5e        0x2 
 .rodata.aPLLMULFactorTable.1
                0x08003f60       0x10 build/stm32f1xx_hal_rcc_ex.o
 .rodata.aPredivFactorTable.0
                0x08003f70        0x2 build/stm32f1xx_hal_rcc_ex.o
 *fill*         0x08003f72        0x2 
 .rodata.AHBPrescTable
                0x08003f74       0x10 build/system_stm32f1xx.o
                0x08003f74                AHBPrescTable
 .rodata.APBPrescTable
                0x08003f84        0x8 build/system_stm32f1xx.o
                0x08003f84                APBPrescTable
 .rodata.str1.4
                0x08003f8c       0x2c build/freertos.o
 .rodata.Blink_attributes
                0x08003fb8       0x24 build/freertos.o
                0x08003fb8                Blink_attributes
 .rodata.Potenciometer_attributes
                0x08003fdc       0x24 build/freertos.o
                0x08003fdc                Potenciometer_attributes
 .rodata.button_attributes
                0x08004000       0x24 build/freertos.o
                0x08004000                button_attributes
 .rodata.defaultTask_attributes
                0x08004024       0x24 build/freertos.o
                0x08004024                defaultTask_attributes
 .rodata.vTaskStartScheduler.str1.4
                0x08004048        0x5 build/tasks.o
 *fill*         0x0800404d        0x3 
 .rodata.prvCheckForValidListAndQueue.str1.4
                0x08004050        0x5 build/timers.o
 *fill*         0x08004055        0x3 
 .rodata.xTimerCreateTimerTask.str1.4
                0x08004058        0x8 build/timers.o
                0x08004060                . = ALIGN (0x4)

.rel.dyn        0x08004060        0x0
 .rel.iplt      0x08004060        0x0 c:/compilers/arm-none-eabi/11.2_2022.02/bin/../lib/gcc/arm-none-eabi/11.2.1/thumb/v7-m/nofp/crtbegin.o

.ARM.extab
 *(.ARM.extab* .gnu.linkonce.armextab.*)

.ARM            0x08004060        0x0
                0x08004060                __exidx_start = .
 *(.ARM.exidx*)
                0x08004060                __exidx_end = .

.preinit_array  0x08004060        0x0
                0x08004060                PROVIDE (__preinit_array_start = .)
 *(.preinit_array*)
                0x08004060                PROVIDE (__preinit_array_end = .)

.init_array     0x08004060        0x4
                0x08004060                PROVIDE (__init_array_start = .)
 *(SORT_BY_NAME(.init_array.*))
 *(.init_array*)
 .init_array    0x08004060        0x4 c:/compilers/arm-none-eabi/11.2_2022.02/bin/../lib/gcc/arm-none-eabi/11.2.1/thumb/v7-m/nofp/crtbegin.o
                0x08004064                PROVIDE (__init_array_end = .)

.fini_array     0x08004064        0x4
                [!provide]                PROVIDE (__fini_array_start = .)
 *(SORT_BY_NAME(.fini_array.*))
 *(.fini_array*)
 .fini_array    0x08004064        0x4 c:/compilers/arm-none-eabi/11.2_2022.02/bin/../lib/gcc/arm-none-eabi/11.2.1/thumb/v7-m/nofp/crtbegin.o
                [!provide]                PROVIDE (__fini_array_end = .)
                0x08004068                _sidata = LOADADDR (.data)

.data           0x20000000       0x10 load address 0x08004068
                0x20000000                . = ALIGN (0x4)
                0x20000000                _sdata = .
 *(.data)
 *(.data*)
 .data.uwTickFreq
                0x20000000        0x1 build/stm32f1xx_hal.o
                0x20000000                uwTickFreq
 *fill*         0x20000001        0x3 
 .data.uwTickPrio
                0x20000004        0x4 build/stm32f1xx_hal.o
                0x20000004                uwTickPrio
 .data.SystemCoreClock
                0x20000008        0x4 build/system_stm32f1xx.o
                0x20000008                SystemCoreClock
 .data.uxCriticalNesting
                0x2000000c        0x4 build/port.o
                0x20000010                . = ALIGN (0x4)
                0x20000010                _edata = .

.tm_clone_table
                0x20000010        0x0 load address 0x08004078
 .tm_clone_table
                0x20000010        0x0 c:/compilers/arm-none-eabi/11.2_2022.02/bin/../lib/gcc/arm-none-eabi/11.2.1/thumb/v7-m/nofp/crtbegin.o
 .tm_clone_table
                0x20000010        0x0 c:/compilers/arm-none-eabi/11.2_2022.02/bin/../lib/gcc/arm-none-eabi/11.2.1/thumb/v7-m/nofp/crtend.o

.igot.plt       0x20000010        0x0 load address 0x08004078
 .igot.plt      0x20000010        0x0 c:/compilers/arm-none-eabi/11.2_2022.02/bin/../lib/gcc/arm-none-eabi/11.2.1/thumb/v7-m/nofp/crtbegin.o
                0x20000010                . = ALIGN (0x4)

.bss            0x20000010     0x1a34 load address 0x08004078
                0x20000010                _sbss = .
                0x20000010                __bss_start__ = _sbss
 *(.bss)
 *(.bss*)
 .bss.completed.1
                0x20000010        0x1 c:/compilers/arm-none-eabi/11.2_2022.02/bin/../lib/gcc/arm-none-eabi/11.2.1/thumb/v7-m/nofp/crtbegin.o
 *fill*         0x20000011        0x3 
 .bss.object.0  0x20000014       0x18 c:/compilers/arm-none-eabi/11.2_2022.02/bin/../lib/gcc/arm-none-eabi/11.2.1/thumb/v7-m/nofp/crtbegin.o
 .bss.uwTick    0x2000002c        0x4 build/stm32f1xx_hal.o
                0x2000002c                uwTick
 .bss.hadc1     0x20000030       0x30 build/adc.o
                0x20000030                hadc1
 .bss.hdma_adc1
                0x20000060       0x44 build/adc.o
                0x20000060                hdma_adc1
 .bss.huart1    0x200000a4       0x48 build/usart.o
                0x200000a4                huart1
 .bss.BlinkHandle
                0x200000ec        0x4 build/freertos.o
                0x200000ec                BlinkHandle
 .bss.PotenciometerHandle
                0x200000f0        0x4 build/freertos.o
                0x200000f0                PotenciometerHandle
 .bss.buttonHandle
                0x200000f4        0x4 build/freertos.o
                0x200000f4                buttonHandle
 .bss.defaultTaskHandle
                0x200000f8        0x4 build/freertos.o
                0x200000f8                defaultTaskHandle
 .bss.xQueueRegistry
                0x200000fc       0x40 build/queue.o
                0x200000fc                xQueueRegistry
 .bss.pxCurrentTCB
                0x2000013c        0x4 build/tasks.o
                0x2000013c                pxCurrentTCB
 .bss.pxDelayedTaskList
                0x20000140        0x4 build/tasks.o
 .bss.pxOverflowDelayedTaskList
                0x20000144        0x4 build/tasks.o
 .bss.pxReadyTasksLists
                0x20000148      0x460 build/tasks.o
 .bss.uxCurrentNumberOfTasks
                0x200005a8        0x4 build/tasks.o
 .bss.uxDeletedTasksWaitingCleanUp
                0x200005ac        0x4 build/tasks.o
 .bss.uxPendedTicks
                0x200005b0        0x4 build/tasks.o
 .bss.uxSchedulerSuspended
                0x200005b4        0x4 build/tasks.o
 .bss.uxTaskNumber
                0x200005b8        0x4 build/tasks.o
 .bss.uxTopReadyPriority
                0x200005bc        0x4 build/tasks.o
 .bss.xDelayedTaskList1
                0x200005c0       0x14 build/tasks.o
 .bss.xDelayedTaskList2
                0x200005d4       0x14 build/tasks.o
 .bss.xIdleTaskHandle
                0x200005e8        0x4 build/tasks.o
 .bss.xNextTaskUnblockTime
                0x200005ec        0x4 build/tasks.o
 .bss.xNumOfOverflows
                0x200005f0        0x4 build/tasks.o
 .bss.xPendingReadyList
                0x200005f4       0x14 build/tasks.o
 .bss.xSchedulerRunning
                0x20000608        0x4 build/tasks.o
 .bss.xSuspendedTaskList
                0x2000060c       0x14 build/tasks.o
 .bss.xTasksWaitingTermination
                0x20000620       0x14 build/tasks.o
 .bss.xTickCount
                0x20000634        0x4 build/tasks.o
 .bss.xYieldPending
                0x20000638        0x4 build/tasks.o
 .bss.pxCurrentTimerList
                0x2000063c        0x4 build/timers.o
 .bss.pxOverflowTimerList
                0x20000640        0x4 build/timers.o
 .bss.ucStaticTimerQueueStorage.1
                0x20000644       0xa0 build/timers.o
 .bss.xActiveTimerList1
                0x200006e4       0x14 build/timers.o
 .bss.xActiveTimerList2
                0x200006f8       0x14 build/timers.o
 .bss.xLastTime.2
                0x2000070c        0x4 build/timers.o
 .bss.xStaticTimerQueue.0
                0x20000710       0x50 build/timers.o
 .bss.xTimerQueue
                0x20000760        0x4 build/timers.o
 .bss.xTimerTaskHandle
                0x20000764        0x4 build/timers.o
 .bss.Idle_Stack
                0x20000768      0x200 build/cmsis_os2.o
 .bss.Idle_TCB  0x20000968       0x5c build/cmsis_os2.o
 .bss.KernelState
                0x200009c4        0x4 build/cmsis_os2.o
 .bss.Timer_Stack
                0x200009c8      0x400 build/cmsis_os2.o
 .bss.Timer_TCB
                0x20000dc8       0x5c build/cmsis_os2.o
 .bss.pxEnd     0x20000e24        0x4 build/heap_4.o
 .bss.ucHeap    0x20000e28      0xc00 build/heap_4.o
 .bss.xBlockAllocatedBit
                0x20001a28        0x4 build/heap_4.o
 .bss.xFreeBytesRemaining
                0x20001a2c        0x4 build/heap_4.o
 .bss.xMinimumEverFreeBytesRemaining
                0x20001a30        0x4 build/heap_4.o
 .bss.xStart    0x20001a34        0x8 build/heap_4.o
 .bss.ucMaxSysCallPriority
                0x20001a3c        0x1 build/port.o
 *fill*         0x20001a3d        0x3 
 .bss.ulMaxPRIGROUPValue
                0x20001a40        0x4 build/port.o
 *(COMMON)
                0x20001a44                . = ALIGN (0x4)
                0x20001a44                _ebss = .
                0x20001a44                __bss_end__ = _ebss

._user_heap_stack
                0x20001a44      0x604 load address 0x08004078
                0x20001a48                . = ALIGN (0x8)
 *fill*         0x20001a44        0x4 
                [!provide]                PROVIDE (end = .)
                [!provide]                PROVIDE (_end = .)
                0x20001c48                . = (. + _Min_Heap_Size)
 *fill*         0x20001a48      0x200 
                0x20002048                . = (. + _Min_Stack_Size)
 *fill*         0x20001c48      0x400 
                0x20002048                . = ALIGN (0x8)

/DISCARD/
 libc.a(*)
 libm.a(*)
 libgcc.a(*)

.ARM.attributes
                0x00000000       0x29
 *(.ARM.attributes)
 .ARM.attributes
                0x00000000       0x1d c:/compilers/arm-none-eabi/11.2_2022.02/bin/../lib/gcc/arm-none-eabi/11.2.1/thumb/v7-m/nofp/crti.o
 .ARM.attributes
                0x0000001d       0x2d c:/compilers/arm-none-eabi/11.2_2022.02/bin/../lib/gcc/arm-none-eabi/11.2.1/thumb/v7-m/nofp/crtbegin.o
 .ARM.attributes
                0x0000004a       0x2d build/main.o
 .ARM.attributes
                0x00000077       0x2d build/gpio.o
 .ARM.attributes
                0x000000a4       0x2d build/stm32f1xx_it.o
 .ARM.attributes
                0x000000d1       0x2d build/stm32f1xx_hal_msp.o
 .ARM.attributes
                0x000000fe       0x2d build/stm32f1xx_hal.o
 .ARM.attributes
                0x0000012b       0x2d build/stm32f1xx_hal_rcc.o
 .ARM.attributes
                0x00000158       0x2d build/stm32f1xx_hal_rcc_ex.o
 .ARM.attributes
                0x00000185       0x2d build/stm32f1xx_hal_gpio.o
 .ARM.attributes
                0x000001b2       0x2d build/stm32f1xx_hal_dma.o
 .ARM.attributes
                0x000001df       0x2d build/stm32f1xx_hal_cortex.o
 .ARM.attributes
                0x0000020c       0x2d build/system_stm32f1xx.o
 .ARM.attributes
                0x00000239       0x2d build/adc.o
 .ARM.attributes
                0x00000266       0x2d build/stm32f1xx_hal_adc.o
 .ARM.attributes
                0x00000293       0x2d build/stm32f1xx_hal_adc_ex.o
 .ARM.attributes
                0x000002c0       0x2d build/dma.o
 .ARM.attributes
                0x000002ed       0x2d build/usart.o
 .ARM.attributes
                0x0000031a       0x2d build/stm32f1xx_hal_uart.o
 .ARM.attributes
                0x00000347       0x2d build/freertos.o
 .ARM.attributes
                0x00000374       0x2d build/list.o
 .ARM.attributes
                0x000003a1       0x2d build/queue.o
 .ARM.attributes
                0x000003ce       0x2d build/tasks.o
 .ARM.attributes
                0x000003fb       0x2d build/timers.o
 .ARM.attributes
                0x00000428       0x2d build/cmsis_os2.o
 .ARM.attributes
                0x00000455       0x2d build/heap_4.o
 .ARM.attributes
                0x00000482       0x2d build/port.o
 .ARM.attributes
                0x000004af       0x21 build/startup_stm32f103xb.o
 .ARM.attributes
                0x000004d0       0x2d c:/compilers/arm-none-eabi/11.2_2022.02/bin/../lib/gcc/arm-none-eabi/11.2.1/thumb/v7-m/nofp\libc_nano.a(lib_a-init.o)
 .ARM.attributes
                0x000004fd       0x2d c:/compilers/arm-none-eabi/11.2_2022.02/bin/../lib/gcc/arm-none-eabi/11.2.1/thumb/v7-m/nofp\libc_nano.a(lib_a-memcpy-stub.o)
 .ARM.attributes
                0x0000052a       0x2d c:/compilers/arm-none-eabi/11.2_2022.02/bin/../lib/gcc/arm-none-eabi/11.2.1/thumb/v7-m/nofp\libc_nano.a(lib_a-memset.o)
 .ARM.attributes
                0x00000557       0x2d c:/compilers/arm-none-eabi/11.2_2022.02/bin/../lib/gcc/arm-none-eabi/11.2.1/thumb/v7-m/nofp/crtend.o
 .ARM.attributes
                0x00000584       0x1d c:/compilers/arm-none-eabi/11.2_2022.02/bin/../lib/gcc/arm-none-eabi/11.2.1/thumb/v7-m/nofp/crtn.o
OUTPUT(build/Blink_bluepill.elf elf32-littlearm)
LOAD linker stubs
LOAD c:/compilers/arm-none-eabi/11.2_2022.02/bin/../lib/gcc/arm-none-eabi/11.2.1/thumb/v7-m/nofp\libc.a
LOAD c:/compilers/arm-none-eabi/11.2_2022.02/bin/../lib/gcc/arm-none-eabi/11.2.1/thumb/v7-m/nofp\libm.a
LOAD c:/compilers/arm-none-eabi/11.2_2022.02/bin/../lib/gcc/arm-none-eabi/11.2.1/thumb/v7-m/nofp\libgcc.a

.comment        0x00000000       0x57
 .comment       0x00000000       0x57 c:/compilers/arm-none-eabi/11.2_2022.02/bin/../lib/gcc/arm-none-eabi/11.2.1/thumb/v7-m/nofp/crtbegin.o
                                 0x58 (size before relaxing)
 .comment       0x00000057       0x58 build/main.o
 .comment       0x00000057       0x58 build/gpio.o
 .comment       0x00000057       0x58 build/stm32f1xx_it.o
 .comment       0x00000057       0x58 build/stm32f1xx_hal_msp.o
 .comment       0x00000057       0x58 build/stm32f1xx_hal.o
 .comment       0x00000057       0x58 build/stm32f1xx_hal_rcc.o
 .comment       0x00000057       0x58 build/stm32f1xx_hal_rcc_ex.o
 .comment       0x00000057       0x58 build/stm32f1xx_hal_gpio.o
 .comment       0x00000057       0x58 build/stm32f1xx_hal_dma.o
 .comment       0x00000057       0x58 build/stm32f1xx_hal_cortex.o
 .comment       0x00000057       0x58 build/system_stm32f1xx.o
 .comment       0x00000057       0x58 build/adc.o
 .comment       0x00000057       0x58 build/stm32f1xx_hal_adc.o
 .comment       0x00000057       0x58 build/stm32f1xx_hal_adc_ex.o
 .comment       0x00000057       0x58 build/dma.o
 .comment       0x00000057       0x58 build/usart.o
 .comment       0x00000057       0x58 build/stm32f1xx_hal_uart.o
 .comment       0x00000057       0x58 build/freertos.o
 .comment       0x00000057       0x58 build/list.o
 .comment       0x00000057       0x58 build/queue.o
 .comment       0x00000057       0x58 build/tasks.o
 .comment       0x00000057       0x58 build/timers.o
 .comment       0x00000057       0x58 build/cmsis_os2.o
 .comment       0x00000057       0x58 build/heap_4.o
 .comment       0x00000057       0x58 build/port.o
 .comment       0x00000057       0x58 c:/compilers/arm-none-eabi/11.2_2022.02/bin/../lib/gcc/arm-none-eabi/11.2.1/thumb/v7-m/nofp\libc_nano.a(lib_a-init.o)
 .comment       0x00000057       0x58 c:/compilers/arm-none-eabi/11.2_2022.02/bin/../lib/gcc/arm-none-eabi/11.2.1/thumb/v7-m/nofp\libc_nano.a(lib_a-memcpy-stub.o)
 .comment       0x00000057       0x58 c:/compilers/arm-none-eabi/11.2_2022.02/bin/../lib/gcc/arm-none-eabi/11.2.1/thumb/v7-m/nofp\libc_nano.a(lib_a-memset.o)
 .comment       0x00000057       0x58 c:/compilers/arm-none-eabi/11.2_2022.02/bin/../lib/gcc/arm-none-eabi/11.2.1/thumb/v7-m/nofp/crtend.o

.debug_info     0x00000000    0x1ba48
 .debug_info    0x00000000      0x9f2 build/main.o
 .debug_info    0x000009f2      0x3d0 build/gpio.o
 .debug_info    0x00000dc2      0xa05 build/stm32f1xx_it.o
 .debug_info    0x000017c7      0x3c9 build/stm32f1xx_hal_msp.o
 .debug_info    0x00001b90      0x880 build/stm32f1xx_hal.o
 .debug_info    0x00002410      0xb10 build/stm32f1xx_hal_rcc.o
 .debug_info    0x00002f20      0x47d build/stm32f1xx_hal_rcc_ex.o
 .debug_info    0x0000339d      0x6d7 build/stm32f1xx_hal_gpio.o
 .debug_info    0x00003a74      0x8bd build/stm32f1xx_hal_dma.o
 .debug_info    0x00004331      0xe33 build/stm32f1xx_hal_cortex.o
 .debug_info    0x00005164      0x26e build/system_stm32f1xx.o
 .debug_info    0x000053d2      0xbc4 build/adc.o
 .debug_info    0x00005f96     0x108e build/stm32f1xx_hal_adc.o
 .debug_info    0x00007024      0xda2 build/stm32f1xx_hal_adc_ex.o
 .debug_info    0x00007dc6      0x335 build/dma.o
 .debug_info    0x000080fb      0xbc3 build/usart.o
 .debug_info    0x00008cbe     0x43db build/stm32f1xx_hal_uart.o
 .debug_info    0x0000d099     0x1024 build/freertos.o
 .debug_info    0x0000e0bd      0x309 build/list.o
 .debug_info    0x0000e3c6     0x2927 build/queue.o
 .debug_info    0x00010ced     0x3219 build/tasks.o
 .debug_info    0x00013f06     0x1bca build/timers.o
 .debug_info    0x00015ad0     0x5246 build/cmsis_os2.o
 .debug_info    0x0001ad16      0x4a1 build/heap_4.o
 .debug_info    0x0001b1b7      0x563 build/port.o
 .debug_info    0x0001b71a       0x22 build/startup_stm32f103xb.o
 .debug_info    0x0001b73c      0x10b c:/compilers/arm-none-eabi/11.2_2022.02/bin/../lib/gcc/arm-none-eabi/11.2.1/thumb/v7-m/nofp\libc_nano.a(lib_a-init.o)
 .debug_info    0x0001b847      0x121 c:/compilers/arm-none-eabi/11.2_2022.02/bin/../lib/gcc/arm-none-eabi/11.2.1/thumb/v7-m/nofp\libc_nano.a(lib_a-memcpy-stub.o)
 .debug_info    0x0001b968       0xe0 c:/compilers/arm-none-eabi/11.2_2022.02/bin/../lib/gcc/arm-none-eabi/11.2.1/thumb/v7-m/nofp\libc_nano.a(lib_a-memset.o)

.debug_abbrev   0x00000000     0x3ff8
 .debug_abbrev  0x00000000      0x228 build/main.o
 .debug_abbrev  0x00000228      0x14e build/gpio.o
 .debug_abbrev  0x00000376      0x1ab build/stm32f1xx_it.o
 .debug_abbrev  0x00000521      0x136 build/stm32f1xx_hal_msp.o
 .debug_abbrev  0x00000657      0x232 build/stm32f1xx_hal.o
 .debug_abbrev  0x00000889      0x2d6 build/stm32f1xx_hal_rcc.o
 .debug_abbrev  0x00000b5f      0x1d4 build/stm32f1xx_hal_rcc_ex.o
 .debug_abbrev  0x00000d33      0x222 build/stm32f1xx_hal_gpio.o
 .debug_abbrev  0x00000f55      0x261 build/stm32f1xx_hal_dma.o
 .debug_abbrev  0x000011b6      0x348 build/stm32f1xx_hal_cortex.o
 .debug_abbrev  0x000014fe      0x140 build/system_stm32f1xx.o
 .debug_abbrev  0x0000163e      0x227 build/adc.o
 .debug_abbrev  0x00001865      0x282 build/stm32f1xx_hal_adc.o
 .debug_abbrev  0x00001ae7      0x297 build/stm32f1xx_hal_adc_ex.o
 .debug_abbrev  0x00001d7e      0x11d build/dma.o
 .debug_abbrev  0x00001e9b      0x241 build/usart.o
 .debug_abbrev  0x000020dc      0x35f build/stm32f1xx_hal_uart.o
 .debug_abbrev  0x0000243b      0x251 build/freertos.o
 .debug_abbrev  0x0000268c      0x124 build/list.o
 .debug_abbrev  0x000027b0      0x454 build/queue.o
 .debug_abbrev  0x00002c04      0x400 build/tasks.o
 .debug_abbrev  0x00003004      0x3cb build/timers.o
 .debug_abbrev  0x000033cf      0x4c6 build/cmsis_os2.o
 .debug_abbrev  0x00003895      0x267 build/heap_4.o
 .debug_abbrev  0x00003afc      0x2c2 build/port.o
 .debug_abbrev  0x00003dbe       0x12 build/startup_stm32f103xb.o
 .debug_abbrev  0x00003dd0       0xc9 c:/compilers/arm-none-eabi/11.2_2022.02/bin/../lib/gcc/arm-none-eabi/11.2.1/thumb/v7-m/nofp\libc_nano.a(lib_a-init.o)
 .debug_abbrev  0x00003e99       0xc1 c:/compilers/arm-none-eabi/11.2_2022.02/bin/../lib/gcc/arm-none-eabi/11.2.1/thumb/v7-m/nofp\libc_nano.a(lib_a-memcpy-stub.o)
 .debug_abbrev  0x00003f5a       0x9e c:/compilers/arm-none-eabi/11.2_2022.02/bin/../lib/gcc/arm-none-eabi/11.2.1/thumb/v7-m/nofp\libc_nano.a(lib_a-memset.o)

.debug_loc      0x00000000    0x15814
 .debug_loc     0x00000000       0x66 build/main.o
 .debug_loc     0x00000066       0x38 build/gpio.o
 .debug_loc     0x0000009e       0x80 build/stm32f1xx_it.o
 .debug_loc     0x0000011e       0x4d build/stm32f1xx_hal_msp.o
 .debug_loc     0x0000016b      0x1e1 build/stm32f1xx_hal.o
 .debug_loc     0x0000034c      0x790 build/stm32f1xx_hal_rcc.o
 .debug_loc     0x00000adc      0x495 build/stm32f1xx_hal_rcc_ex.o
 .debug_loc     0x00000f71      0x53c build/stm32f1xx_hal_gpio.o
 .debug_loc     0x000014ad      0x8fb build/stm32f1xx_hal_dma.o
 .debug_loc     0x00001da8      0x80c build/stm32f1xx_hal_cortex.o
 .debug_loc     0x000025b4       0xff build/system_stm32f1xx.o
 .debug_loc     0x000026b3      0x119 build/adc.o
 .debug_loc     0x000027cc      0xe64 build/stm32f1xx_hal_adc.o
 .debug_loc     0x00003630      0xa59 build/stm32f1xx_hal_adc_ex.o
 .debug_loc     0x00004089       0x38 build/dma.o
 .debug_loc     0x000040c1      0x13d build/usart.o
 .debug_loc     0x000041fe     0x4e75 build/stm32f1xx_hal_uart.o
 .debug_loc     0x00009073      0x250 build/freertos.o
 .debug_loc     0x000092c3       0xe5 build/list.o
 .debug_loc     0x000093a8     0x1e5d build/queue.o
 .debug_loc     0x0000b205     0x2ad0 build/tasks.o
 .debug_loc     0x0000dcd5     0x134d build/timers.o
 .debug_loc     0x0000f022     0x62c5 build/cmsis_os2.o
 .debug_loc     0x000152e7      0x3c1 build/heap_4.o
 .debug_loc     0x000156a8      0x16c build/port.o

.debug_aranges  0x00000000     0x1028
 .debug_aranges
                0x00000000       0x30 build/main.o
 .debug_aranges
                0x00000030       0x20 build/gpio.o
 .debug_aranges
                0x00000050       0x68 build/stm32f1xx_it.o
 .debug_aranges
                0x000000b8       0x20 build/stm32f1xx_hal_msp.o
 .debug_aranges
                0x000000d8       0xe0 build/stm32f1xx_hal.o
 .debug_aranges
                0x000001b8       0x90 build/stm32f1xx_hal_rcc.o
 .debug_aranges
                0x00000248       0x30 build/stm32f1xx_hal_rcc_ex.o
 .debug_aranges
                0x00000278       0x58 build/stm32f1xx_hal_gpio.o
 .debug_aranges
                0x000002d0       0x80 build/stm32f1xx_hal_dma.o
 .debug_aranges
                0x00000350       0x90 build/stm32f1xx_hal_cortex.o
 .debug_aranges
                0x000003e0       0x28 build/system_stm32f1xx.o
 .debug_aranges
                0x00000408       0x30 build/adc.o
 .debug_aranges
                0x00000438       0xf0 build/stm32f1xx_hal_adc.o
 .debug_aranges
                0x00000528       0x80 build/stm32f1xx_hal_adc_ex.o
 .debug_aranges
                0x000005a8       0x20 build/dma.o
 .debug_aranges
                0x000005c8       0x30 build/usart.o
 .debug_aranges
                0x000005f8      0x208 build/stm32f1xx_hal_uart.o
 .debug_aranges
                0x00000800       0x40 build/freertos.o
 .debug_aranges
                0x00000840       0x40 build/list.o
 .debug_aranges
                0x00000880      0x158 build/queue.o
 .debug_aranges
                0x000009d8      0x1f8 build/tasks.o
 .debug_aranges
                0x00000bd0       0xe0 build/timers.o
 .debug_aranges
                0x00000cb0      0x228 build/cmsis_os2.o
 .debug_aranges
                0x00000ed8       0x50 build/heap_4.o
 .debug_aranges
                0x00000f28       0x78 build/port.o
 .debug_aranges
                0x00000fa0       0x28 build/startup_stm32f103xb.o
 .debug_aranges
                0x00000fc8       0x20 c:/compilers/arm-none-eabi/11.2_2022.02/bin/../lib/gcc/arm-none-eabi/11.2.1/thumb/v7-m/nofp\libc_nano.a(lib_a-init.o)
 .debug_aranges
                0x00000fe8       0x20 c:/compilers/arm-none-eabi/11.2_2022.02/bin/../lib/gcc/arm-none-eabi/11.2.1/thumb/v7-m/nofp\libc_nano.a(lib_a-memcpy-stub.o)
 .debug_aranges
                0x00001008       0x20 c:/compilers/arm-none-eabi/11.2_2022.02/bin/../lib/gcc/arm-none-eabi/11.2.1/thumb/v7-m/nofp\libc_nano.a(lib_a-memset.o)

.debug_ranges   0x00000000     0x1100
 .debug_ranges  0x00000000       0x20 build/main.o
 .debug_ranges  0x00000020       0x10 build/gpio.o
 .debug_ranges  0x00000030       0x58 build/stm32f1xx_it.o
 .debug_ranges  0x00000088       0x10 build/stm32f1xx_hal_msp.o
 .debug_ranges  0x00000098       0xd0 build/stm32f1xx_hal.o
 .debug_ranges  0x00000168       0xa0 build/stm32f1xx_hal_rcc.o
 .debug_ranges  0x00000208       0x38 build/stm32f1xx_hal_rcc_ex.o
 .debug_ranges  0x00000240       0x48 build/stm32f1xx_hal_gpio.o
 .debug_ranges  0x00000288       0x70 build/stm32f1xx_hal_dma.o
 .debug_ranges  0x000002f8       0xe0 build/stm32f1xx_hal_cortex.o
 .debug_ranges  0x000003d8       0x18 build/system_stm32f1xx.o
 .debug_ranges  0x000003f0       0x20 build/adc.o
 .debug_ranges  0x00000410       0xe0 build/stm32f1xx_hal_adc.o
 .debug_ranges  0x000004f0       0x70 build/stm32f1xx_hal_adc_ex.o
 .debug_ranges  0x00000560       0x10 build/dma.o
 .debug_ranges  0x00000570       0x20 build/usart.o
 .debug_ranges  0x00000590      0x210 build/stm32f1xx_hal_uart.o
 .debug_ranges  0x000007a0       0x48 build/freertos.o
 .debug_ranges  0x000007e8       0x30 build/list.o
 .debug_ranges  0x00000818      0x218 build/queue.o
 .debug_ranges  0x00000a30      0x320 build/tasks.o
 .debug_ranges  0x00000d50       0xd0 build/timers.o
 .debug_ranges  0x00000e20      0x218 build/cmsis_os2.o
 .debug_ranges  0x00001038       0x40 build/heap_4.o
 .debug_ranges  0x00001078       0x68 build/port.o
 .debug_ranges  0x000010e0       0x20 build/startup_stm32f103xb.o

.debug_line     0x00000000    0x138dc
 .debug_line    0x00000000      0x398 build/main.o
 .debug_line    0x00000398      0x1e1 build/gpio.o
 .debug_line    0x00000579      0x3a2 build/stm32f1xx_it.o
 .debug_line    0x0000091b      0x187 build/stm32f1xx_hal_msp.o
 .debug_line    0x00000aa2      0x4fc build/stm32f1xx_hal.o
 .debug_line    0x00000f9e      0xbe4 build/stm32f1xx_hal_rcc.o
 .debug_line    0x00001b82      0x459 build/stm32f1xx_hal_rcc_ex.o
 .debug_line    0x00001fdb      0x5a9 build/stm32f1xx_hal_gpio.o
 .debug_line    0x00002584      0xa28 build/stm32f1xx_hal_dma.o
 .debug_line    0x00002fac      0x606 build/stm32f1xx_hal_cortex.o
 .debug_line    0x000035b2      0x214 build/system_stm32f1xx.o
 .debug_line    0x000037c6      0x33f build/adc.o
 .debug_line    0x00003b05      0xea1 build/stm32f1xx_hal_adc.o
 .debug_line    0x000049a6      0xb75 build/stm32f1xx_hal_adc_ex.o
 .debug_line    0x0000551b      0x16d build/dma.o
 .debug_line    0x00005688      0x2e9 build/usart.o
 .debug_line    0x00005971     0x436b build/stm32f1xx_hal_uart.o
 .debug_line    0x00009cdc      0x3a9 build/freertos.o
 .debug_line    0x0000a085      0x342 build/list.o
 .debug_line    0x0000a3c7     0x1f02 build/queue.o
 .debug_line    0x0000c2c9     0x2a93 build/tasks.o
 .debug_line    0x0000ed5c      0xd63 build/timers.o
 .debug_line    0x0000fabf     0x2d46 build/cmsis_os2.o
 .debug_line    0x00012805      0x621 build/heap_4.o
 .debug_line    0x00012e26      0x5c2 build/port.o
 .debug_line    0x000133e8       0x74 build/startup_stm32f103xb.o
 .debug_line    0x0001345c      0x174 c:/compilers/arm-none-eabi/11.2_2022.02/bin/../lib/gcc/arm-none-eabi/11.2.1/thumb/v7-m/nofp\libc_nano.a(lib_a-init.o)
 .debug_line    0x000135d0      0x196 c:/compilers/arm-none-eabi/11.2_2022.02/bin/../lib/gcc/arm-none-eabi/11.2.1/thumb/v7-m/nofp\libc_nano.a(lib_a-memcpy-stub.o)
 .debug_line    0x00013766      0x176 c:/compilers/arm-none-eabi/11.2_2022.02/bin/../lib/gcc/arm-none-eabi/11.2.1/thumb/v7-m/nofp\libc_nano.a(lib_a-memset.o)

.debug_str      0x00000000     0x5b57
 .debug_str     0x00000000      0x70c build/main.o
                                0x7bd (size before relaxing)
 .debug_str     0x0000070c       0xee build/gpio.o
                                0x26a (size before relaxing)
 .debug_str     0x000007fa      0x334 build/stm32f1xx_it.o
                                0x7ea (size before relaxing)
 .debug_str     0x00000b2e      0x34b build/stm32f1xx_hal_msp.o
                                0x4f2 (size before relaxing)
 .debug_str     0x00000e79      0x309 build/stm32f1xx_hal.o
                                0x80d (size before relaxing)
 .debug_str     0x00001182      0x1fe build/stm32f1xx_hal_rcc.o
                                0x60a (size before relaxing)
 .debug_str     0x00001380       0x9c build/stm32f1xx_hal_rcc_ex.o
                                0x3b2 (size before relaxing)
 .debug_str     0x0000141c      0x119 build/stm32f1xx_hal_gpio.o
                                0x3df (size before relaxing)
 .debug_str     0x00001535      0x229 build/stm32f1xx_hal_dma.o
                                0x5dc (size before relaxing)
 .debug_str     0x0000175e      0x3b8 build/stm32f1xx_hal_cortex.o
                                0x8b2 (size before relaxing)
 .debug_str     0x00001b16       0x4f build/system_stm32f1xx.o
                                0x233 (size before relaxing)
 .debug_str     0x00001b65       0x7d build/adc.o
                                0x951 (size before relaxing)
 .debug_str     0x00001be2      0x2d7 build/stm32f1xx_hal_adc.o
                                0x8b9 (size before relaxing)
 .debug_str     0x00001eb9      0x28e build/stm32f1xx_hal_adc_ex.o
                                0x89c (size before relaxing)
 .debug_str     0x00002147        0xf build/dma.o
                                0x4c9 (size before relaxing)
 .debug_str     0x00002156       0x4e build/usart.o
                                0x9fa (size before relaxing)
 .debug_str     0x000021a4      0x60c build/stm32f1xx_hal_uart.o
                                0xcd3 (size before relaxing)
 .debug_str     0x000027b0      0x5a8 build/freertos.o
                                0xd3f (size before relaxing)
 .debug_str     0x00002d58      0x14d build/list.o
                                0x2d4 (size before relaxing)
 .debug_str     0x00002ea5      0x9a0 build/queue.o
                                0xc5f (size before relaxing)
 .debug_str     0x00003845      0xc45 build/tasks.o
                               0x124e (size before relaxing)
 .debug_str     0x0000448a      0x5a9 build/timers.o
                                0xbd4 (size before relaxing)
 .debug_str     0x00004a33      0xa08 build/cmsis_os2.o
                               0x1930 (size before relaxing)
 .debug_str     0x0000543b      0x1d5 build/heap_4.o
                                0x3c8 (size before relaxing)
 .debug_str     0x00005610      0x16d build/port.o
                                0x444 (size before relaxing)
 .debug_str     0x0000577d       0x22 build/startup_stm32f103xb.o
                                 0x5a (size before relaxing)
 .debug_str     0x0000579f      0x1cd c:/compilers/arm-none-eabi/11.2_2022.02/bin/../lib/gcc/arm-none-eabi/11.2.1/thumb/v7-m/nofp\libc_nano.a(lib_a-init.o)
                                0x26f (size before relaxing)
 .debug_str     0x0000596c      0x107 c:/compilers/arm-none-eabi/11.2_2022.02/bin/../lib/gcc/arm-none-eabi/11.2.1/thumb/v7-m/nofp\libc_nano.a(lib_a-memcpy-stub.o)
                                0x233 (size before relaxing)
 .debug_str     0x00005a73       0xe4 c:/compilers/arm-none-eabi/11.2_2022.02/bin/../lib/gcc/arm-none-eabi/11.2.1/thumb/v7-m/nofp\libc_nano.a(lib_a-memset.o)
                                0x210 (size before relaxing)

.debug_frame    0x00000000     0x2c04
 .debug_frame   0x00000000       0x58 build/main.o
 .debug_frame   0x00000058       0x34 build/gpio.o
 .debug_frame   0x0000008c       0xd0 build/stm32f1xx_it.o
 .debug_frame   0x0000015c       0x2c build/stm32f1xx_hal_msp.o
 .debug_frame   0x00000188      0x1cc build/stm32f1xx_hal.o
 .debug_frame   0x00000354      0x184 build/stm32f1xx_hal_rcc.o
 .debug_frame   0x000004d8       0x5c build/stm32f1xx_hal_rcc_ex.o
 .debug_frame   0x00000534       0xe4 build/stm32f1xx_hal_gpio.o
 .debug_frame   0x00000618      0x144 build/stm32f1xx_hal_dma.o
 .debug_frame   0x0000075c      0x118 build/stm32f1xx_hal_cortex.o
 .debug_frame   0x00000874       0x30 build/system_stm32f1xx.o
 .debug_frame   0x000008a4       0x68 build/adc.o
 .debug_frame   0x0000090c      0x2c8 build/stm32f1xx_hal_adc.o
 .debug_frame   0x00000bd4      0x19c build/stm32f1xx_hal_adc_ex.o
 .debug_frame   0x00000d70       0x2c build/dma.o
 .debug_frame   0x00000d9c       0x64 build/usart.o
 .debug_frame   0x00000e00      0x5d8 build/stm32f1xx_hal_uart.o
 .debug_frame   0x000013d8       0x90 build/freertos.o
 .debug_frame   0x00001468       0x70 build/list.o
 .debug_frame   0x000014d8      0x458 build/queue.o
 .debug_frame   0x00001930      0x660 build/tasks.o
 .debug_frame   0x00001f90      0x2c4 build/timers.o
 .debug_frame   0x00002254      0x79c build/cmsis_os2.o
 .debug_frame   0x000029f0       0xb0 build/heap_4.o
 .debug_frame   0x00002aa0       0xf0 build/port.o
 .debug_frame   0x00002b90       0x2c c:/compilers/arm-none-eabi/11.2_2022.02/bin/../lib/gcc/arm-none-eabi/11.2.1/thumb/v7-m/nofp\libc_nano.a(lib_a-init.o)
 .debug_frame   0x00002bbc       0x28 c:/compilers/arm-none-eabi/11.2_2022.02/bin/../lib/gcc/arm-none-eabi/11.2.1/thumb/v7-m/nofp\libc_nano.a(lib_a-memcpy-stub.o)
 .debug_frame   0x00002be4       0x20 c:/compilers/arm-none-eabi/11.2_2022.02/bin/../lib/gcc/arm-none-eabi/11.2.1/thumb/v7-m/nofp\libc_nano.a(lib_a-memset.o)

.debug_loclists
                0x00000000       0xfe
 .debug_loclists
                0x00000000       0x34 c:/compilers/arm-none-eabi/11.2_2022.02/bin/../lib/gcc/arm-none-eabi/11.2.1/thumb/v7-m/nofp\libc_nano.a(lib_a-init.o)
 .debug_loclists
                0x00000034       0x8f c:/compilers/arm-none-eabi/11.2_2022.02/bin/../lib/gcc/arm-none-eabi/11.2.1/thumb/v7-m/nofp\libc_nano.a(lib_a-memcpy-stub.o)
 .debug_loclists
                0x000000c3       0x3b c:/compilers/arm-none-eabi/11.2_2022.02/bin/../lib/gcc/arm-none-eabi/11.2.1/thumb/v7-m/nofp\libc_nano.a(lib_a-memset.o)

.debug_rnglists
                0x00000000       0x39
 .debug_rnglists
                0x00000000       0x13 c:/compilers/arm-none-eabi/11.2_2022.02/bin/../lib/gcc/arm-none-eabi/11.2.1/thumb/v7-m/nofp\libc_nano.a(lib_a-init.o)
 .debug_rnglists
                0x00000013       0x13 c:/compilers/arm-none-eabi/11.2_2022.02/bin/../lib/gcc/arm-none-eabi/11.2.1/thumb/v7-m/nofp\libc_nano.a(lib_a-memcpy-stub.o)
 .debug_rnglists
                0x00000026       0x13 c:/compilers/arm-none-eabi/11.2_2022.02/bin/../lib/gcc/arm-none-eabi/11.2.1/thumb/v7-m/nofp\libc_nano.a(lib_a-memset.o)

Cross Reference Table

Symbol                                            File
ADC1_2_IRQHandler                                 build/stm32f1xx_it.o
ADC_ConversionStop_Disable                        build/stm32f1xx_hal_adc.o
                                                  build/stm32f1xx_hal_adc_ex.o
ADC_DMAConvCplt                                   build/stm32f1xx_hal_adc.o
                                                  build/stm32f1xx_hal_adc_ex.o
ADC_DMAError                                      build/stm32f1xx_hal_adc.o
                                                  build/stm32f1xx_hal_adc_ex.o
ADC_DMAHalfConvCplt                               build/stm32f1xx_hal_adc.o
                                                  build/stm32f1xx_hal_adc_ex.o
ADC_Enable                                        build/stm32f1xx_hal_adc.o
                                                  build/stm32f1xx_hal_adc_ex.o
AHBPrescTable                                     build/system_stm32f1xx.o
                                                  build/stm32f1xx_hal_rcc.o
APBPrescTable                                     build/system_stm32f1xx.o
                                                  build/stm32f1xx_hal_rcc.o
BlinkHandle                                       build/freertos.o
Blink_attributes                                  build/freertos.o
BusFault_Handler                                  build/stm32f1xx_it.o
CAN1_RX1_IRQHandler                               build/startup_stm32f103xb.o
CAN1_SCE_IRQHandler                               build/startup_stm32f103xb.o
DMA1_Channel1_IRQHandler                          build/stm32f1xx_it.o
DMA1_Channel2_IRQHandler                          build/startup_stm32f103xb.o
DMA1_Channel3_IRQHandler                          build/startup_stm32f103xb.o
DMA1_Channel4_IRQHandler                          build/startup_stm32f103xb.o
DMA1_Channel5_IRQHandler                          build/startup_stm32f103xb.o
DMA1_Channel6_IRQHandler                          build/startup_stm32f103xb.o
DMA1_Channel7_IRQHandler                          build/startup_stm32f103xb.o
DebugMon_Handler                                  build/stm32f1xx_it.o
Default_Handler                                   build/startup_stm32f103xb.o
EXTI0_IRQHandler                                  build/startup_stm32f103xb.o
EXTI15_10_IRQHandler                              build/startup_stm32f103xb.o
EXTI1_IRQHandler                                  build/startup_stm32f103xb.o
EXTI2_IRQHandler                                  build/startup_stm32f103xb.o
EXTI3_IRQHandler                                  build/startup_stm32f103xb.o
EXTI4_IRQHandler                                  build/startup_stm32f103xb.o
EXTI9_5_IRQHandler                                build/startup_stm32f103xb.o
Error_Handler                                     build/main.o
                                                  build/usart.o
                                                  build/adc.o
FLASH_IRQHandler                                  build/startup_stm32f103xb.o
FLASH_PageErase                                   build/stm32f1xx_hal_flash_ex.o
                                                  build/stm32f1xx_hal_flash.o
FLASH_WaitForLastOperation                        build/stm32f1xx_hal_flash.o
                                                  build/stm32f1xx_hal_flash_ex.o
HAL_ADCEx_Calibration_Start                       build/stm32f1xx_hal_adc_ex.o
HAL_ADCEx_InjectedConfigChannel                   build/stm32f1xx_hal_adc_ex.o
HAL_ADCEx_InjectedConvCpltCallback                build/stm32f1xx_hal_adc_ex.o
                                                  build/stm32f1xx_hal_adc.o
HAL_ADCEx_InjectedGetValue                        build/stm32f1xx_hal_adc_ex.o
HAL_ADCEx_InjectedPollForConversion               build/stm32f1xx_hal_adc_ex.o
HAL_ADCEx_InjectedStart                           build/stm32f1xx_hal_adc_ex.o
HAL_ADCEx_InjectedStart_IT                        build/stm32f1xx_hal_adc_ex.o
HAL_ADCEx_InjectedStop                            build/stm32f1xx_hal_adc_ex.o
HAL_ADCEx_InjectedStop_IT                         build/stm32f1xx_hal_adc_ex.o
HAL_ADCEx_MultiModeConfigChannel                  build/stm32f1xx_hal_adc_ex.o
HAL_ADCEx_MultiModeGetValue                       build/stm32f1xx_hal_adc_ex.o
HAL_ADCEx_MultiModeStart_DMA                      build/stm32f1xx_hal_adc_ex.o
HAL_ADCEx_MultiModeStop_DMA                       build/stm32f1xx_hal_adc_ex.o
HAL_ADC_AnalogWDGConfig                           build/stm32f1xx_hal_adc.o
HAL_ADC_ConfigChannel                             build/stm32f1xx_hal_adc.o
                                                  build/adc.o
HAL_ADC_ConvCpltCallback                          build/stm32f1xx_hal_adc.o
HAL_ADC_ConvHalfCpltCallback                      build/stm32f1xx_hal_adc.o
HAL_ADC_DeInit                                    build/stm32f1xx_hal_adc.o
HAL_ADC_ErrorCallback                             build/stm32f1xx_hal_adc.o
HAL_ADC_GetError                                  build/stm32f1xx_hal_adc.o
HAL_ADC_GetState                                  build/stm32f1xx_hal_adc.o
HAL_ADC_GetValue                                  build/stm32f1xx_hal_adc.o
                                                  build/freertos.o
HAL_ADC_IRQHandler                                build/stm32f1xx_hal_adc.o
                                                  build/stm32f1xx_it.o
HAL_ADC_Init                                      build/stm32f1xx_hal_adc.o
                                                  build/adc.o
HAL_ADC_LevelOutOfWindowCallback                  build/stm32f1xx_hal_adc.o
HAL_ADC_MspDeInit                                 build/adc.o
HAL_ADC_MspInit                                   build/adc.o
HAL_ADC_PollForConversion                         build/stm32f1xx_hal_adc.o
                                                  build/freertos.o
HAL_ADC_PollForEvent                              build/stm32f1xx_hal_adc.o
HAL_ADC_Start                                     build/stm32f1xx_hal_adc.o
                                                  build/main.o
HAL_ADC_Start_DMA                                 build/stm32f1xx_hal_adc.o
HAL_ADC_Start_IT                                  build/stm32f1xx_hal_adc.o
HAL_ADC_Stop                                      build/stm32f1xx_hal_adc.o
HAL_ADC_Stop_DMA                                  build/stm32f1xx_hal_adc.o
HAL_ADC_Stop_IT                                   build/stm32f1xx_hal_adc.o
HAL_DBGMCU_DisableDBGSleepMode                    build/stm32f1xx_hal.o
HAL_DBGMCU_DisableDBGStandbyMode                  build/stm32f1xx_hal.o
HAL_DBGMCU_DisableDBGStopMode                     build/stm32f1xx_hal.o
HAL_DBGMCU_EnableDBGSleepMode                     build/stm32f1xx_hal.o
HAL_DBGMCU_EnableDBGStandbyMode                   build/stm32f1xx_hal.o
HAL_DBGMCU_EnableDBGStopMode                      build/stm32f1xx_hal.o
HAL_DMA_Abort                                     build/stm32f1xx_hal_dma.o
                                                  build/stm32f1xx_hal_uart.o
                                                  build/stm32f1xx_hal_adc_ex.o
                                                  build/stm32f1xx_hal_adc.o
HAL_DMA_Abort_IT                                  build/stm32f1xx_hal_dma.o
                                                  build/stm32f1xx_hal_uart.o
HAL_DMA_DeInit                                    build/stm32f1xx_hal_dma.o
                                                  build/adc.o
HAL_DMA_GetError                                  build/stm32f1xx_hal_dma.o
                                                  build/stm32f1xx_hal_uart.o
HAL_DMA_GetState                                  build/stm32f1xx_hal_dma.o
HAL_DMA_IRQHandler                                build/stm32f1xx_hal_dma.o
                                                  build/stm32f1xx_it.o
HAL_DMA_Init                                      build/stm32f1xx_hal_dma.o
                                                  build/adc.o
HAL_DMA_PollForTransfer                           build/stm32f1xx_hal_dma.o
HAL_DMA_RegisterCallback                          build/stm32f1xx_hal_dma.o
HAL_DMA_Start                                     build/stm32f1xx_hal_dma.o
HAL_DMA_Start_IT                                  build/stm32f1xx_hal_dma.o
                                                  build/stm32f1xx_hal_uart.o
                                                  build/stm32f1xx_hal_adc_ex.o
                                                  build/stm32f1xx_hal_adc.o
HAL_DMA_UnRegisterCallback                        build/stm32f1xx_hal_dma.o
HAL_DeInit                                        build/stm32f1xx_hal.o
HAL_Delay                                         build/stm32f1xx_hal.o
                                                  build/freertos.o
HAL_EXTI_ClearConfigLine                          build/stm32f1xx_hal_exti.o
HAL_EXTI_ClearPending                             build/stm32f1xx_hal_exti.o
HAL_EXTI_GenerateSWI                              build/stm32f1xx_hal_exti.o
HAL_EXTI_GetConfigLine                            build/stm32f1xx_hal_exti.o
HAL_EXTI_GetHandle                                build/stm32f1xx_hal_exti.o
HAL_EXTI_GetPending                               build/stm32f1xx_hal_exti.o
HAL_EXTI_IRQHandler                               build/stm32f1xx_hal_exti.o
HAL_EXTI_RegisterCallback                         build/stm32f1xx_hal_exti.o
HAL_EXTI_SetConfigLine                            build/stm32f1xx_hal_exti.o
HAL_FLASHEx_Erase                                 build/stm32f1xx_hal_flash_ex.o
HAL_FLASHEx_Erase_IT                              build/stm32f1xx_hal_flash_ex.o
HAL_FLASHEx_OBErase                               build/stm32f1xx_hal_flash_ex.o
HAL_FLASHEx_OBGetConfig                           build/stm32f1xx_hal_flash_ex.o
HAL_FLASHEx_OBGetUserData                         build/stm32f1xx_hal_flash_ex.o
HAL_FLASHEx_OBProgram                             build/stm32f1xx_hal_flash_ex.o
HAL_FLASH_EndOfOperationCallback                  build/stm32f1xx_hal_flash.o
HAL_FLASH_GetError                                build/stm32f1xx_hal_flash.o
HAL_FLASH_IRQHandler                              build/stm32f1xx_hal_flash.o
HAL_FLASH_Lock                                    build/stm32f1xx_hal_flash.o
HAL_FLASH_OB_Launch                               build/stm32f1xx_hal_flash.o
HAL_FLASH_OB_Lock                                 build/stm32f1xx_hal_flash.o
HAL_FLASH_OB_Unlock                               build/stm32f1xx_hal_flash.o
HAL_FLASH_OperationErrorCallback                  build/stm32f1xx_hal_flash.o
HAL_FLASH_Program                                 build/stm32f1xx_hal_flash.o
HAL_FLASH_Program_IT                              build/stm32f1xx_hal_flash.o
HAL_FLASH_Unlock                                  build/stm32f1xx_hal_flash.o
HAL_GPIOEx_ConfigEventout                         build/stm32f1xx_hal_gpio_ex.o
HAL_GPIOEx_DisableEventout                        build/stm32f1xx_hal_gpio_ex.o
HAL_GPIOEx_EnableEventout                         build/stm32f1xx_hal_gpio_ex.o
HAL_GPIO_DeInit                                   build/stm32f1xx_hal_gpio.o
                                                  build/usart.o
                                                  build/adc.o
HAL_GPIO_EXTI_Callback                            build/stm32f1xx_hal_gpio.o
HAL_GPIO_EXTI_IRQHandler                          build/stm32f1xx_hal_gpio.o
HAL_GPIO_Init                                     build/stm32f1xx_hal_gpio.o
                                                  build/usart.o
                                                  build/adc.o
                                                  build/stm32f1xx_hal_rcc.o
                                                  build/gpio.o
HAL_GPIO_LockPin                                  build/stm32f1xx_hal_gpio.o
HAL_GPIO_ReadPin                                  build/stm32f1xx_hal_gpio.o
                                                  build/freertos.o
HAL_GPIO_TogglePin                                build/stm32f1xx_hal_gpio.o
HAL_GPIO_WritePin                                 build/stm32f1xx_hal_gpio.o
                                                  build/freertos.o
                                                  build/gpio.o
HAL_GetDEVID                                      build/stm32f1xx_hal.o
HAL_GetHalVersion                                 build/stm32f1xx_hal.o
HAL_GetREVID                                      build/stm32f1xx_hal.o
HAL_GetTick                                       build/stm32f1xx_hal.o
                                                  build/stm32f1xx_hal_uart.o
                                                  build/stm32f1xx_hal_adc_ex.o
                                                  build/stm32f1xx_hal_adc.o
                                                  build/stm32f1xx_hal_flash.o
                                                  build/stm32f1xx_hal_dma.o
                                                  build/stm32f1xx_hal_rcc_ex.o
                                                  build/stm32f1xx_hal_rcc.o
HAL_GetTickFreq                                   build/stm32f1xx_hal.o
HAL_GetTickPrio                                   build/stm32f1xx_hal.o
HAL_GetUIDw0                                      build/stm32f1xx_hal.o
HAL_GetUIDw1                                      build/stm32f1xx_hal.o
HAL_GetUIDw2                                      build/stm32f1xx_hal.o
HAL_HalfDuplex_EnableReceiver                     build/stm32f1xx_hal_uart.o
HAL_HalfDuplex_EnableTransmitter                  build/stm32f1xx_hal_uart.o
HAL_HalfDuplex_Init                               build/stm32f1xx_hal_uart.o
HAL_IncTick                                       build/stm32f1xx_hal.o
                                                  build/stm32f1xx_it.o
HAL_Init                                          build/stm32f1xx_hal.o
                                                  build/main.o
HAL_InitTick                                      build/stm32f1xx_hal.o
                                                  build/stm32f1xx_hal_rcc.o
HAL_LIN_Init                                      build/stm32f1xx_hal_uart.o
HAL_LIN_SendBreak                                 build/stm32f1xx_hal_uart.o
HAL_MspDeInit                                     build/stm32f1xx_hal.o
HAL_MspInit                                       build/stm32f1xx_hal_msp.o
HAL_MultiProcessor_EnterMuteMode                  build/stm32f1xx_hal_uart.o
HAL_MultiProcessor_ExitMuteMode                   build/stm32f1xx_hal_uart.o
HAL_MultiProcessor_Init                           build/stm32f1xx_hal_uart.o
HAL_NVIC_ClearPendingIRQ                          build/stm32f1xx_hal_cortex.o
HAL_NVIC_DisableIRQ                               build/stm32f1xx_hal_cortex.o
                                                  build/usart.o
                                                  build/adc.o
HAL_NVIC_EnableIRQ                                build/stm32f1xx_hal_cortex.o
                                                  build/usart.o
                                                  build/dma.o
                                                  build/adc.o
HAL_NVIC_GetActive                                build/stm32f1xx_hal_cortex.o
HAL_NVIC_GetPendingIRQ                            build/stm32f1xx_hal_cortex.o
HAL_NVIC_GetPriority                              build/stm32f1xx_hal_cortex.o
HAL_NVIC_GetPriorityGrouping                      build/stm32f1xx_hal_cortex.o
HAL_NVIC_SetPendingIRQ                            build/stm32f1xx_hal_cortex.o
HAL_NVIC_SetPriority                              build/stm32f1xx_hal_cortex.o
                                                  build/usart.o
                                                  build/dma.o
                                                  build/adc.o
                                                  build/stm32f1xx_hal.o
                                                  build/stm32f1xx_hal_msp.o
HAL_NVIC_SetPriorityGrouping                      build/stm32f1xx_hal_cortex.o
                                                  build/stm32f1xx_hal.o
HAL_NVIC_SystemReset                              build/stm32f1xx_hal_cortex.o
                                                  build/stm32f1xx_hal_flash.o
HAL_PWR_ConfigPVD                                 build/stm32f1xx_hal_pwr.o
HAL_PWR_DeInit                                    build/stm32f1xx_hal_pwr.o
HAL_PWR_DisableBkUpAccess                         build/stm32f1xx_hal_pwr.o
HAL_PWR_DisablePVD                                build/stm32f1xx_hal_pwr.o
HAL_PWR_DisableSEVOnPend                          build/stm32f1xx_hal_pwr.o
HAL_PWR_DisableSleepOnExit                        build/stm32f1xx_hal_pwr.o
HAL_PWR_DisableWakeUpPin                          build/stm32f1xx_hal_pwr.o
HAL_PWR_EnableBkUpAccess                          build/stm32f1xx_hal_pwr.o
HAL_PWR_EnablePVD                                 build/stm32f1xx_hal_pwr.o
HAL_PWR_EnableSEVOnPend                           build/stm32f1xx_hal_pwr.o
HAL_PWR_EnableSleepOnExit                         build/stm32f1xx_hal_pwr.o
HAL_PWR_EnableWakeUpPin                           build/stm32f1xx_hal_pwr.o
HAL_PWR_EnterSLEEPMode                            build/stm32f1xx_hal_pwr.o
HAL_PWR_EnterSTANDBYMode                          build/stm32f1xx_hal_pwr.o
HAL_PWR_EnterSTOPMode                             build/stm32f1xx_hal_pwr.o
HAL_PWR_PVDCallback                               build/stm32f1xx_hal_pwr.o
HAL_PWR_PVD_IRQHandler                            build/stm32f1xx_hal_pwr.o
HAL_RCCEx_GetPeriphCLKConfig                      build/stm32f1xx_hal_rcc_ex.o
HAL_RCCEx_GetPeriphCLKFreq                        build/stm32f1xx_hal_rcc_ex.o
                                                  build/stm32f1xx_hal_adc_ex.o
                                                  build/stm32f1xx_hal_adc.o
HAL_RCCEx_PeriphCLKConfig                         build/stm32f1xx_hal_rcc_ex.o
                                                  build/main.o
HAL_RCC_CSSCallback                               build/stm32f1xx_hal_rcc.o
HAL_RCC_ClockConfig                               build/stm32f1xx_hal_rcc.o
                                                  build/main.o
HAL_RCC_DeInit                                    build/stm32f1xx_hal_rcc.o
HAL_RCC_DisableCSS                                build/stm32f1xx_hal_rcc.o
HAL_RCC_EnableCSS                                 build/stm32f1xx_hal_rcc.o
HAL_RCC_GetClockConfig                            build/stm32f1xx_hal_rcc.o
HAL_RCC_GetHCLKFreq                               build/stm32f1xx_hal_rcc.o
HAL_RCC_GetOscConfig                              build/stm32f1xx_hal_rcc.o
HAL_RCC_GetPCLK1Freq                              build/stm32f1xx_hal_rcc.o
                                                  build/stm32f1xx_hal_uart.o
HAL_RCC_GetPCLK2Freq                              build/stm32f1xx_hal_rcc.o
                                                  build/stm32f1xx_hal_uart.o
                                                  build/stm32f1xx_hal_rcc_ex.o
HAL_RCC_GetSysClockFreq                           build/stm32f1xx_hal_rcc.o
HAL_RCC_MCOConfig                                 build/stm32f1xx_hal_rcc.o
HAL_RCC_NMI_IRQHandler                            build/stm32f1xx_hal_rcc.o
HAL_RCC_OscConfig                                 build/stm32f1xx_hal_rcc.o
                                                  build/main.o
HAL_ResumeTick                                    build/stm32f1xx_hal.o
HAL_SYSTICK_CLKSourceConfig                       build/stm32f1xx_hal_cortex.o
HAL_SYSTICK_Callback                              build/stm32f1xx_hal_cortex.o
HAL_SYSTICK_Config                                build/stm32f1xx_hal_cortex.o
                                                  build/stm32f1xx_hal.o
HAL_SYSTICK_IRQHandler                            build/stm32f1xx_hal_cortex.o
HAL_SetTickFreq                                   build/stm32f1xx_hal.o
HAL_SuspendTick                                   build/stm32f1xx_hal.o
HAL_UARTEx_GetRxEventType                         build/stm32f1xx_hal_uart.o
HAL_UARTEx_ReceiveToIdle                          build/stm32f1xx_hal_uart.o
HAL_UARTEx_ReceiveToIdle_DMA                      build/stm32f1xx_hal_uart.o
HAL_UARTEx_ReceiveToIdle_IT                       build/stm32f1xx_hal_uart.o
HAL_UARTEx_RxEventCallback                        build/stm32f1xx_hal_uart.o
HAL_UART_Abort                                    build/stm32f1xx_hal_uart.o
HAL_UART_AbortCpltCallback                        build/stm32f1xx_hal_uart.o
HAL_UART_AbortReceive                             build/stm32f1xx_hal_uart.o
HAL_UART_AbortReceiveCpltCallback                 build/stm32f1xx_hal_uart.o
HAL_UART_AbortReceive_IT                          build/stm32f1xx_hal_uart.o
HAL_UART_AbortTransmit                            build/stm32f1xx_hal_uart.o
HAL_UART_AbortTransmitCpltCallback                build/stm32f1xx_hal_uart.o
HAL_UART_AbortTransmit_IT                         build/stm32f1xx_hal_uart.o
HAL_UART_Abort_IT                                 build/stm32f1xx_hal_uart.o
HAL_UART_DMAPause                                 build/stm32f1xx_hal_uart.o
HAL_UART_DMAResume                                build/stm32f1xx_hal_uart.o
HAL_UART_DMAStop                                  build/stm32f1xx_hal_uart.o
HAL_UART_DeInit                                   build/stm32f1xx_hal_uart.o
HAL_UART_ErrorCallback                            build/stm32f1xx_hal_uart.o
HAL_UART_GetError                                 build/stm32f1xx_hal_uart.o
HAL_UART_GetState                                 build/stm32f1xx_hal_uart.o
HAL_UART_IRQHandler                               build/stm32f1xx_hal_uart.o
                                                  build/stm32f1xx_it.o
HAL_UART_Init                                     build/stm32f1xx_hal_uart.o
                                                  build/usart.o
HAL_UART_MspDeInit                                build/usart.o
HAL_UART_MspInit                                  build/usart.o
HAL_UART_Receive                                  build/stm32f1xx_hal_uart.o
HAL_UART_Receive_DMA                              build/stm32f1xx_hal_uart.o
HAL_UART_Receive_IT                               build/stm32f1xx_hal_uart.o
HAL_UART_RxCpltCallback                           build/stm32f1xx_hal_uart.o
HAL_UART_RxHalfCpltCallback                       build/stm32f1xx_hal_uart.o
HAL_UART_Transmit                                 build/stm32f1xx_hal_uart.o
                                                  build/freertos.o
HAL_UART_Transmit_DMA                             build/stm32f1xx_hal_uart.o
HAL_UART_Transmit_IT                              build/stm32f1xx_hal_uart.o
HAL_UART_TxCpltCallback                           build/stm32f1xx_hal_uart.o
HAL_UART_TxHalfCpltCallback                       build/stm32f1xx_hal_uart.o
HardFault_Handler                                 build/stm32f1xx_it.o
I2C1_ER_IRQHandler                                build/startup_stm32f103xb.o
I2C1_EV_IRQHandler                                build/startup_stm32f103xb.o
I2C2_ER_IRQHandler                                build/startup_stm32f103xb.o
I2C2_EV_IRQHandler                                build/startup_stm32f103xb.o
MX_ADC1_Init                                      build/adc.o
                                                  build/main.o
MX_DMA_Init                                       build/dma.o
                                                  build/main.o
MX_FREERTOS_Init                                  build/freertos.o
                                                  build/main.o
MX_GPIO_Init                                      build/gpio.o
                                                  build/main.o
MX_USART1_UART_Init                               build/usart.o
                                                  build/main.o
MemManage_Handler                                 build/stm32f1xx_it.o
NMI_Handler                                       build/stm32f1xx_it.o
PVD_IRQHandler                                    build/startup_stm32f103xb.o
PendSV_Handler                                    build/port.o
PotenciometerHandle                               build/freertos.o
Potenciometer_attributes                          build/freertos.o
RCC_IRQHandler                                    build/startup_stm32f103xb.o
RTC_Alarm_IRQHandler                              build/startup_stm32f103xb.o
RTC_IRQHandler                                    build/startup_stm32f103xb.o
Reset_Handler                                     build/startup_stm32f103xb.o
SPI1_IRQHandler                                   build/startup_stm32f103xb.o
SPI2_IRQHandler                                   build/startup_stm32f103xb.o
SVC_Handler                                       build/port.o
StartBlink                                        build/freertos.o
StartButton                                       build/freertos.o
StartDefaultTask                                  build/freertos.o
StartPot                                          build/freertos.o
SysTick_Handler                                   build/stm32f1xx_it.o
SystemClock_Config                                build/main.o
SystemCoreClock                                   build/system_stm32f1xx.o
                                                  build/port.o
                                                  build/cmsis_os2.o
                                                  build/stm32f1xx_hal_adc_ex.o
                                                  build/stm32f1xx_hal_adc.o
                                                  build/stm32f1xx_hal_rcc.o
                                                  build/stm32f1xx_hal.o
SystemCoreClockUpdate                             build/system_stm32f1xx.o
SystemInit                                        build/system_stm32f1xx.o
                                                  build/startup_stm32f103xb.o
TAMPER_IRQHandler                                 build/startup_stm32f103xb.o
TIM1_BRK_IRQHandler                               build/startup_stm32f103xb.o
TIM1_CC_IRQHandler                                build/startup_stm32f103xb.o
TIM1_TRG_COM_IRQHandler                           build/startup_stm32f103xb.o
TIM1_UP_IRQHandler                                build/startup_stm32f103xb.o
TIM2_IRQHandler                                   build/startup_stm32f103xb.o
TIM3_IRQHandler                                   build/startup_stm32f103xb.o
TIM4_IRQHandler                                   build/startup_stm32f103xb.o
UART_Start_Receive_DMA                            build/stm32f1xx_hal_uart.o
UART_Start_Receive_IT                             build/stm32f1xx_hal_uart.o
USART1_IRQHandler                                 build/stm32f1xx_it.o
USART2_IRQHandler                                 build/startup_stm32f103xb.o
USART3_IRQHandler                                 build/startup_stm32f103xb.o
USBWakeUp_IRQHandler                              build/startup_stm32f103xb.o
USB_HP_CAN1_TX_IRQHandler                         build/startup_stm32f103xb.o
USB_LP_CAN1_RX0_IRQHandler                        build/startup_stm32f103xb.o
UsageFault_Handler                                build/stm32f1xx_it.o
WWDG_IRQHandler                                   build/startup_stm32f103xb.o
_ITM_deregisterTMCloneTable                       c:/compilers/arm-none-eabi/11.2_2022.02/bin/../lib/gcc/arm-none-eabi/11.2.1/thumb/v7-m/nofp/crtbegin.o
_ITM_registerTMCloneTable                         c:/compilers/arm-none-eabi/11.2_2022.02/bin/../lib/gcc/arm-none-eabi/11.2.1/thumb/v7-m/nofp/crtbegin.o
__TMC_END__                                       c:/compilers/arm-none-eabi/11.2_2022.02/bin/../lib/gcc/arm-none-eabi/11.2.1/thumb/v7-m/nofp/crtend.o
                                                  c:/compilers/arm-none-eabi/11.2_2022.02/bin/../lib/gcc/arm-none-eabi/11.2.1/thumb/v7-m/nofp/crtbegin.o
__bss_end__                                       c:/compilers/arm-none-eabi/11.2_2022.02/bin/../lib/gcc/arm-none-eabi/11.2.1/thumb/v7-m/nofp/crt0.o
__bss_start__                                     c:/compilers/arm-none-eabi/11.2_2022.02/bin/../lib/gcc/arm-none-eabi/11.2.1/thumb/v7-m/nofp/crt0.o
__call_exitprocs                                  c:/compilers/arm-none-eabi/11.2_2022.02/bin/../lib/gcc/arm-none-eabi/11.2.1/thumb/v7-m/nofp\libc_nano.a(lib_a-exit.o)
__deregister_frame_info                           c:/compilers/arm-none-eabi/11.2_2022.02/bin/../lib/gcc/arm-none-eabi/11.2.1/thumb/v7-m/nofp/crtbegin.o
__dso_handle                                      c:/compilers/arm-none-eabi/11.2_2022.02/bin/../lib/gcc/arm-none-eabi/11.2.1/thumb/v7-m/nofp/crtbegin.o
__init_array_end                                  c:/compilers/arm-none-eabi/11.2_2022.02/bin/../lib/gcc/arm-none-eabi/11.2.1/thumb/v7-m/nofp\libc_nano.a(lib_a-init.o)
__init_array_start                                c:/compilers/arm-none-eabi/11.2_2022.02/bin/../lib/gcc/arm-none-eabi/11.2.1/thumb/v7-m/nofp\libc_nano.a(lib_a-init.o)
__libc_fini_array                                 c:/compilers/arm-none-eabi/11.2_2022.02/bin/../lib/gcc/arm-none-eabi/11.2.1/thumb/v7-m/nofp/crt0.o
__libc_init_array                                 c:/compilers/arm-none-eabi/11.2_2022.02/bin/../lib/gcc/arm-none-eabi/11.2.1/thumb/v7-m/nofp\libc_nano.a(lib_a-init.o)
                                                  build/startup_stm32f103xb.o
                                                  c:/compilers/arm-none-eabi/11.2_2022.02/bin/../lib/gcc/arm-none-eabi/11.2.1/thumb/v7-m/nofp/crt0.o