Archive member included to satisfy reference by file (symbol)

c:/compilers/arm-none-eabi/11.2_2022.02/bin/../lib/gcc/arm-none-eabi/11.2.1/thumb/v7-m/nofp\libc_nano.a(lib_a-exit.o)
                              c:/compilers/arm-none-eabi/11.2_2022.02/bin/../lib/gcc/arm-none-eabi/11.2.1/thumb/v7-m/nofp/crt0.o (exit)
c:/compilers/arm-none-eabi/11.2_2022.02/bin/../lib/gcc/arm-none-eabi/11.2.1/thumb/v7-m/nofp\libc_nano.a(lib_a-impure.o)
                              c:/compilers/arm-none-eabi/11.2_2022.02/bin/../lib/gcc/arm-none-eabi/11.2.1/thumb/v7-m/nofp\libc_nano.a(lib_a-exit.o) (_global_impure_ptr)
c:/compilers/arm-none-eabi/11.2_2022.02/bin/../lib/gcc/arm-none-eabi/11.2.1/thumb/v7-m/nofp\libc_nano.a(lib_a-init.o)
                              c:/compilers/arm-none-eabi/11.2_2022.02/bin/../lib/gcc/arm-none-eabi/11.2.1/thumb/v7-m/nofp/crt0.o (__libc_init_array)
c:/compilers/arm-none-eabi/11.2_2022.02/bin/../lib/gcc/arm-none-eabi/11.2.1/thumb/v7-m/nofp\libc_nano.a(lib_a-memset.o)
                              c:/compilers/arm-none-eabi/11.2_2022.02/bin/../lib/gcc/arm-none-eabi/11.2.1/thumb/v7-m/nofp/crt0.o (memset)
c:/compilers/arm-none-eabi/11.2_2022.02/bin/../lib/gcc/arm-none-eabi/11.2.1/thumb/v7-m/nofp\libnosys.a(_exit.o)
                              c:/compilers/arm-none-eabi/11.2_2022.02/bin/../lib/gcc/arm-none-eabi/11.2.1/thumb/v7-m/nofp\libc_nano.a(lib_a-exit.o) (_exit)

Discarded input sections

 .text          0x00000000        0x0 c:/compilers/arm-none-eabi/11.2_2022.02/bin/../lib/gcc/arm-none-eabi/11.2.1/thumb/v7-m/nofp/crti.o
 .data          0x00000000        0x0 c:/compilers/arm-none-eabi/11.2_2022.02/bin/../lib/gcc/arm-none-eabi/11.2.1/thumb/v7-m/nofp/crti.o
 .bss           0x00000000        0x0 c:/compilers/arm-none-eabi/11.2_2022.02/bin/../lib/gcc/arm-none-eabi/11.2.1/thumb/v7-m/nofp/crti.o
 .text          0x00000000        0x0 c:/compilers/arm-none-eabi/11.2_2022.02/bin/../lib/gcc/arm-none-eabi/11.2.1/thumb/v7-m/nofp/crtbegin.o
 .data          0x00000000        0x0 c:/compilers/arm-none-eabi/11.2_2022.02/bin/../lib/gcc/arm-none-eabi/11.2.1/thumb/v7-m/nofp/crtbegin.o
 .bss           0x00000000        0x0 c:/compilers/arm-none-eabi/11.2_2022.02/bin/../lib/gcc/arm-none-eabi/11.2.1/thumb/v7-m/nofp/crtbegin.o
 .rodata.all_implied_fbits
                0x00000000       0x24 c:/compilers/arm-none-eabi/11.2_2022.02/bin/../lib/gcc/arm-none-eabi/11.2.1/thumb/v7-m/nofp/crtbegin.o
 .data.__dso_handle
                0x00000000        0x4 c:/compilers/arm-none-eabi/11.2_2022.02/bin/../lib/gcc/arm-none-eabi/11.2.1/thumb/v7-m/nofp/crtbegin.o
 .text          0x00000000       0x7c c:/compilers/arm-none-eabi/11.2_2022.02/bin/../lib/gcc/arm-none-eabi/11.2.1/thumb/v7-m/nofp/crt0.o
 .data          0x00000000        0x0 c:/compilers/arm-none-eabi/11.2_2022.02/bin/../lib/gcc/arm-none-eabi/11.2.1/thumb/v7-m/nofp/crt0.o
 .bss           0x00000000        0x0 c:/compilers/arm-none-eabi/11.2_2022.02/bin/../lib/gcc/arm-none-eabi/11.2.1/thumb/v7-m/nofp/crt0.o
 .ARM.extab     0x00000000        0x0 c:/compilers/arm-none-eabi/11.2_2022.02/bin/../lib/gcc/arm-none-eabi/11.2.1/thumb/v7-m/nofp/crt0.o
 .ARM.exidx     0x00000000       0x10 c:/compilers/arm-none-eabi/11.2_2022.02/bin/../lib/gcc/arm-none-eabi/11.2.1/thumb/v7-m/nofp/crt0.o
 .debug_line    0x00000000       0x76 c:/compilers/arm-none-eabi/11.2_2022.02/bin/../lib/gcc/arm-none-eabi/11.2.1/thumb/v7-m/nofp/crt0.o
 .debug_line_str
                0x00000000       0xa6 c:/compilers/arm-none-eabi/11.2_2022.02/bin/../lib/gcc/arm-none-eabi/11.2.1/thumb/v7-m/nofp/crt0.o
 .debug_info    0x00000000       0x24 c:/compilers/arm-none-eabi/11.2_2022.02/bin/../lib/gcc/arm-none-eabi/11.2.1/thumb/v7-m/nofp/crt0.o
 .debug_abbrev  0x00000000       0x14 c:/compilers/arm-none-eabi/11.2_2022.02/bin/../lib/gcc/arm-none-eabi/11.2.1/thumb/v7-m/nofp/crt0.o
 .debug_aranges
                0x00000000       0x20 c:/compilers/arm-none-eabi/11.2_2022.02/bin/../lib/gcc/arm-none-eabi/11.2.1/thumb/v7-m/nofp/crt0.o
 .debug_str     0x00000000       0x9f c:/compilers/arm-none-eabi/11.2_2022.02/bin/../lib/gcc/arm-none-eabi/11.2.1/thumb/v7-m/nofp/crt0.o
 .ARM.attributes
                0x00000000       0x1b c:/compilers/arm-none-eabi/11.2_2022.02/bin/../lib/gcc/arm-none-eabi/11.2.1/thumb/v7-m/nofp/crt0.o
 .text          0x00000000        0x0 build/main.o
 .data          0x00000000        0x0 build/main.o
 .bss           0x00000000        0x0 build/main.o
 .text          0x00000000        0x0 build/gpio.o
 .data          0x00000000        0x0 build/gpio.o
 .bss           0x00000000        0x0 build/gpio.o
 .text          0x00000000        0x0 build/stm32f1xx_it.o
 .data          0x00000000        0x0 build/stm32f1xx_it.o
 .bss           0x00000000        0x0 build/stm32f1xx_it.o
 .text          0x00000000        0x0 build/stm32f1xx_hal_msp.o
 .data          0x00000000        0x0 build/stm32f1xx_hal_msp.o
[...]
Memory Configuration

Name             Origin             Length             Attributes
RAM              0x20000000         0x00005000         xrw
FLASH            0x08000000         0x00010000         xr
*default*        0x00000000         0xffffffff

Linker script and memory map

LOAD c:/compilers/arm-none-eabi/11.2_2022.02/bin/../lib/gcc/arm-none-eabi/11.2.1/thumb/v7-m/nofp/crti.o
LOAD c:/compilers/arm-none-eabi/11.2_2022.02/bin/../lib/gcc/arm-none-eabi/11.2.1/thumb/v7-m/nofp/crtbegin.o
LOAD c:/compilers/arm-none-eabi/11.2_2022.02/bin/../lib/gcc/arm-none-eabi/11.2.1/thumb/v7-m/nofp/crt0.o
LOAD build/main.o
LOAD build/gpio.o
LOAD build/stm32f1xx_it.o
LOAD build/stm32f1xx_hal_msp.o
LOAD build/stm32f1xx_hal_gpio_ex.o
LOAD build/stm32f1xx_hal_tim.o
LOAD build/stm32f1xx_hal_tim_ex.o
LOAD build/stm32f1xx_hal.o
LOAD build/stm32f1xx_hal_rcc.o
LOAD build/stm32f1xx_hal_rcc_ex.o
LOAD build/stm32f1xx_hal_gpio.o
LOAD build/stm32f1xx_hal_dma.o
LOAD build/stm32f1xx_hal_cortex.o
LOAD build/stm32f1xx_hal_pwr.o
LOAD build/stm32f1xx_hal_flash.o
LOAD build/stm32f1xx_hal_flash_ex.o
LOAD build/stm32f1xx_hal_exti.o
LOAD build/system_stm32f1xx.o
LOAD build/adc.o
LOAD build/stm32f1xx_hal_adc.o
LOAD build/stm32f1xx_hal_adc_ex.o
LOAD build/dma.o
LOAD build/usart.o
LOAD build/stm32f1xx_hal_uart.o
LOAD build/startup_stm32f103xb.o
LOAD c:/compilers/arm-none-eabi/11.2_2022.02/bin/../lib/gcc/arm-none-eabi/11.2.1/thumb/v7-m/nofp\libc_nano.a
LOAD c:/compilers/arm-none-eabi/11.2_2022.02/bin/../lib/gcc/arm-none-eabi/11.2.1/thumb/v7-m/nofp\libm.a
LOAD c:/compilers/arm-none-eabi/11.2_2022.02/bin/../lib/gcc/arm-none-eabi/11.2.1/thumb/v7-m/nofp\libnosys.a
START GROUP
LOAD c:/compilers/arm-none-eabi/11.2_2022.02/bin/../lib/gcc/arm-none-eabi/11.2.1/thumb/v7-m/nofp\libgcc.a
LOAD c:/compilers/arm-none-eabi/11.2_2022.02/bin/../lib/gcc/arm-none-eabi/11.2.1/thumb/v7-m/nofp\libc_nano.a
END GROUP
START GROUP
LOAD c:/compilers/arm-none-eabi/11.2_2022.02/bin/../lib/gcc/arm-none-eabi/11.2.1/thumb/v7-m/nofp\libgcc.a
LOAD c:/compilers/arm-none-eabi/11.2_2022.02/bin/../lib/gcc/arm-none-eabi/11.2.1/thumb/v7-m/nofp\libc_nano.a
END GROUP
LOAD c:/compilers/arm-none-eabi/11.2_2022.02/bin/../lib/gcc/arm-none-eabi/11.2.1/thumb/v7-m/nofp/crtend.o
LOAD c:/compilers/arm-none-eabi/11.2_2022.02/bin/../lib/gcc/arm-none-eabi/11.2.1/thumb/v7-m/nofp/crtn.o
                0x20005000                _estack = (ORIGIN (RAM) + LENGTH (RAM))
                0x00000200                _Min_Heap_Size = 0x200
                0x00000400                _Min_Stack_Size = 0x400

.isr_vector     0x08000000      0x10c
                0x08000000                . = ALIGN (0x4)
 *(.isr_vector)
 .isr_vector    0x08000000      0x10c build/startup_stm32f103xb.o
                0x08000000                g_pfnVectors
                0x0800010c                . = ALIGN (0x4)

.text           0x0800010c     0x21ac
                0x0800010c                . = ALIGN (0x4)
 *(.text)
 *(.text*)
 .text.deregister_tm_clones
                0x0800010c       0x1c c:/compilers/arm-none-eabi/11.2_2022.02/bin/../lib/gcc/arm-none-eabi/11.2.1/thumb/v7-m/nofp/crtbegin.o
 .text.register_tm_clones
                0x08000128       0x24 c:/compilers/arm-none-eabi/11.2_2022.02/bin/../lib/gcc/arm-none-eabi/11.2.1/thumb/v7-m/nofp/crtbegin.o
 .text.__do_global_dtors_aux
                0x0800014c       0x28 c:/compilers/arm-none-eabi/11.2_2022.02/bin/../lib/gcc/arm-none-eabi/11.2.1/thumb/v7-m/nofp/crtbegin.o
 .text.frame_dummy
                0x08000174       0x24 c:/compilers/arm-none-eabi/11.2_2022.02/bin/../lib/gcc/arm-none-eabi/11.2.1/thumb/v7-m/nofp/crtbegin.o
 .text.Error_Handler
                0x08000198        0x4 build/main.o
                0x08000198                Error_Handler
 .text.SystemClock_Config
                0x0800019c       0x84 build/main.o
                0x0800019c                SystemClock_Config
 .text.main     0x08000220       0xf8 build/main.o
                0x08000220                main
 .text.MX_GPIO_Init
                0x08000318       0xa0 build/gpio.o
                0x08000318                MX_GPIO_Init
 .text.NMI_Handler
                0x080003b8        0x2 build/stm32f1xx_it.o
                0x080003b8                NMI_Handler
 .text.HardFault_Handler
                0x080003ba        0x2 build/stm32f1xx_it.o
                0x080003ba                HardFault_Handler
 .text.MemManage_Handler
                0x080003bc        0x2 build/stm32f1xx_it.o
                0x080003bc                MemManage_Handler
 .text.BusFault_Handler
                0x080003be        0x2 build/stm32f1xx_it.o
                0x080003be                BusFault_Handler
 .text.UsageFault_Handler
                0x080003c0        0x2 build/stm32f1xx_it.o
                0x080003c0                UsageFault_Handler
 .text.SVC_Handler
                0x080003c2        0x2 build/stm32f1xx_it.o
                0x080003c2                SVC_Handler
 .text.DebugMon_Handler
                0x080003c4        0x2 build/stm32f1xx_it.o
                0x080003c4                DebugMon_Handler
 .text.PendSV_Handler
                0x080003c6        0x2 build/stm32f1xx_it.o
                0x080003c6                PendSV_Handler
 .text.SysTick_Handler
                0x080003c8        0x8 build/stm32f1xx_it.o
                0x080003c8                SysTick_Handler
 .text.DMA1_Channel1_IRQHandler
                0x080003d0       0x10 build/stm32f1xx_it.o
                0x080003d0                DMA1_Channel1_IRQHandler
 .text.ADC1_2_IRQHandler
                0x080003e0       0x10 build/stm32f1xx_it.o
                0x080003e0                ADC1_2_IRQHandler
 .text.USART1_IRQHandler
                0x080003f0       0x10 build/stm32f1xx_it.o
                0x080003f0                USART1_IRQHandler
 .text.HAL_MspInit
                0x08000400       0x44 build/stm32f1xx_hal_msp.o
                0x08000400                HAL_MspInit
 .text.HAL_InitTick
                0x08000444       0x4c build/stm32f1xx_hal.o
                0x08000444                HAL_InitTick
 .text.HAL_Init
                0x08000490       0x24 build/stm32f1xx_hal.o
                0x08000490                HAL_Init
 .text.HAL_IncTick
                0x080004b4       0x18 build/stm32f1xx_hal.o
                0x080004b4                HAL_IncTick
 .text.HAL_GetTick
                0x080004cc        0xc build/stm32f1xx_hal.o
                0x080004cc                HAL_GetTick
 .text.RCC_Delay
                0x080004d8       0x2c build/stm32f1xx_hal_rcc.o
 .text.HAL_RCC_OscConfig
                0x08000504      0x410 build/stm32f1xx_hal_rcc.o
                0x08000504                HAL_RCC_OscConfig
 .text.HAL_RCC_GetSysClockFreq
                0x08000914       0x54 build/stm32f1xx_hal_rcc.o
                0x08000914                HAL_RCC_GetSysClockFreq
 .text.HAL_RCC_ClockConfig
                0x08000968      0x16c build/stm32f1xx_hal_rcc.o
                0x08000968                HAL_RCC_ClockConfig
 .text.HAL_RCC_GetHCLKFreq
                0x08000ad4        0xc build/stm32f1xx_hal_rcc.o
                0x08000ad4                HAL_RCC_GetHCLKFreq
 .text.HAL_RCC_GetPCLK1Freq
                0x08000ae0       0x20 build/stm32f1xx_hal_rcc.o
                0x08000ae0                HAL_RCC_GetPCLK1Freq
 .text.HAL_RCC_GetPCLK2Freq
                0x08000b00       0x20 build/stm32f1xx_hal_rcc.o
                0x08000b00                HAL_RCC_GetPCLK2Freq
 .text.HAL_RCCEx_PeriphCLKConfig
                0x08000b20      0x118 build/stm32f1xx_hal_rcc_ex.o
                0x08000b20                HAL_RCCEx_PeriphCLKConfig
 .text.HAL_RCCEx_GetPeriphCLKFreq
                0x08000c38       0xd8 build/stm32f1xx_hal_rcc_ex.o
                0x08000c38                HAL_RCCEx_GetPeriphCLKFreq
 .text.HAL_GPIO_Init
                0x08000d10      0x224 build/stm32f1xx_hal_gpio.o
                0x08000d10                HAL_GPIO_Init
 .text.HAL_GPIO_ReadPin
                0x08000f34        0xe build/stm32f1xx_hal_gpio.o
                0x08000f34                HAL_GPIO_ReadPin
 .text.HAL_GPIO_WritePin
                0x08000f42        0xc build/stm32f1xx_hal_gpio.o
                0x08000f42                HAL_GPIO_WritePin
 *fill*         0x08000f4e        0x2 
 .text.HAL_DMA_Init
                0x08000f50       0x6c build/stm32f1xx_hal_dma.o
                0x08000f50                HAL_DMA_Init
 .text.HAL_DMA_Abort
                0x08000fbc       0x46 build/stm32f1xx_hal_dma.o
                0x08000fbc                HAL_DMA_Abort
 *fill*         0x08001002        0x2 
 .text.HAL_DMA_Abort_IT
                0x08001004       0x98 build/stm32f1xx_hal_dma.o
                0x08001004                HAL_DMA_Abort_IT
 .text.HAL_DMA_IRQHandler
                0x0800109c      0x144 build/stm32f1xx_hal_dma.o
                0x0800109c                HAL_DMA_IRQHandler
 .text.HAL_NVIC_SetPriorityGrouping
                0x080011e0       0x24 build/stm32f1xx_hal_cortex.o
                0x080011e0                HAL_NVIC_SetPriorityGrouping
 .text.HAL_NVIC_SetPriority
                0x08001204       0x70 build/stm32f1xx_hal_cortex.o
                0x08001204                HAL_NVIC_SetPriority
 .text.HAL_NVIC_EnableIRQ
                0x08001274       0x1c build/stm32f1xx_hal_cortex.o
                0x08001274                HAL_NVIC_EnableIRQ
 .text.HAL_SYSTICK_Config
                0x08001290       0x28 build/stm32f1xx_hal_cortex.o
                0x08001290                HAL_SYSTICK_Config
 .text.SystemInit
                0x080012b8        0x2 build/system_stm32f1xx.o
                0x080012b8                SystemInit
 *fill*         0x080012ba        0x2 
 .text.MX_ADC1_Init
                0x080012bc       0x5c build/adc.o
                0x080012bc                MX_ADC1_Init
 .text.HAL_ADC_MspInit
                0x08001318       0xac build/adc.o
                0x08001318                HAL_ADC_MspInit
 .text.HAL_ADC_PollForConversion
                0x080013c4      0x184 build/stm32f1xx_hal_adc.o
                0x080013c4                HAL_ADC_PollForConversion
 .text.HAL_ADC_GetValue
                0x08001548        0x6 build/stm32f1xx_hal_adc.o
                0x08001548                HAL_ADC_GetValue
 .text.HAL_ADC_ConvCpltCallback
                0x0800154e        0x2 build/stm32f1xx_hal_adc.o
                0x0800154e                HAL_ADC_ConvCpltCallback
 .text.HAL_ADC_LevelOutOfWindowCallback
                0x08001550        0x2 build/stm32f1xx_hal_adc.o
                0x08001550                HAL_ADC_LevelOutOfWindowCallback
 .text.HAL_ADC_IRQHandler
                0x08001552      0x102 build/stm32f1xx_hal_adc.o
                0x08001552                HAL_ADC_IRQHandler
 .text.HAL_ADC_ConfigChannel
                0x08001654      0x140 build/stm32f1xx_hal_adc.o
                0x08001654                HAL_ADC_ConfigChannel
 .text.ADC_Enable
                0x08001794       0x88 build/stm32f1xx_hal_adc.o
                0x08001794                ADC_Enable
 .text.HAL_ADC_Start
                0x0800181c       0xe8 build/stm32f1xx_hal_adc.o
                0x0800181c                HAL_ADC_Start
 .text.ADC_ConversionStop_Disable
                0x08001904       0x56 build/stm32f1xx_hal_adc.o
                0x08001904                ADC_ConversionStop_Disable
 *fill*         0x0800195a        0x2 
 .text.HAL_ADC_Init
                0x0800195c      0x108 build/stm32f1xx_hal_adc.o
                0x0800195c                HAL_ADC_Init
 .text.HAL_ADCEx_InjectedConvCpltCallback
                0x08001a64        0x2 build/stm32f1xx_hal_adc_ex.o
                0x08001a64                HAL_ADCEx_InjectedConvCpltCallback
 *fill*         0x08001a66        0x2 
 .text.MX_DMA_Init
                0x08001a68       0x34 build/dma.o
                0x08001a68                MX_DMA_Init
 .text.MX_USART1_UART_Init
                0x08001a9c       0x34 build/usart.o
                0x08001a9c                MX_USART1_UART_Init
 .text.HAL_UART_MspInit
                0x08001ad0       0x98 build/usart.o
                0x08001ad0                HAL_UART_MspInit
 .text.UART_EndRxTransfer
                0x08001b68       0x5c build/stm32f1xx_hal_uart.o
 .text.UART_Transmit_IT
                0x08001bc4       0x60 build/stm32f1xx_hal_uart.o
 .text.UART_SetConfig
                0x08001c24       0x94 build/stm32f1xx_hal_uart.o
 .text.UART_WaitOnFlagUntilTimeout
                0x08001cb8       0x84 build/stm32f1xx_hal_uart.o
 .text.HAL_UART_Init
                0x08001d3c       0x60 build/stm32f1xx_hal_uart.o
                0x08001d3c                HAL_UART_Init
 .text.HAL_UART_Transmit
                0x08001d9c       0xbe build/stm32f1xx_hal_uart.o
                0x08001d9c                HAL_UART_Transmit
 .text.HAL_UART_TxCpltCallback
                0x08001e5a        0x2 build/stm32f1xx_hal_uart.o
                0x08001e5a                HAL_UART_TxCpltCallback
 .text.UART_EndTransmit_IT
                0x08001e5c       0x1a build/stm32f1xx_hal_uart.o
 .text.HAL_UART_RxCpltCallback
                0x08001e76        0x2 build/stm32f1xx_hal_uart.o
                0x08001e76                HAL_UART_RxCpltCallback
 .text.HAL_UART_ErrorCallback
                0x08001e78        0x2 build/stm32f1xx_hal_uart.o
                0x08001e78                HAL_UART_ErrorCallback
 .text.UART_DMAAbortOnError
                0x08001e7a       0x10 build/stm32f1xx_hal_uart.o
 .text.HAL_UARTEx_RxEventCallback
                0x08001e8a        0x2 build/stm32f1xx_hal_uart.o
                0x08001e8a                HAL_UARTEx_RxEventCallback
 .text.UART_Receive_IT
                0x08001e8c       0xe6 build/stm32f1xx_hal_uart.o
 *fill*         0x08001f72        0x2 
 .text.HAL_UART_IRQHandler
                0x08001f74      0x288 build/stm32f1xx_hal_uart.o
                0x08001f74                HAL_UART_IRQHandler
 .text.Reset_Handler
                0x080021fc       0x48 build/startup_stm32f103xb.o
                0x080021fc                Reset_Handler
 .text.Default_Handler
                0x08002244        0x2 build/startup_stm32f103xb.o
                0x08002244                RTC_Alarm_IRQHandler
                0x08002244                EXTI2_IRQHandler
                0x08002244                TIM1_CC_IRQHandler
                0x08002244                PVD_IRQHandler
                0x08002244                EXTI3_IRQHandler
                0x08002244                EXTI0_IRQHandler
                0x08002244                I2C2_EV_IRQHandler
                0x08002244                SPI1_IRQHandler
                0x08002244                TAMPER_IRQHandler
                0x08002244                DMA1_Channel4_IRQHandler
                0x08002244                USART3_IRQHandler
                0x08002244                RTC_IRQHandler
                0x08002244                DMA1_Channel7_IRQHandler
                0x08002244                CAN1_RX1_IRQHandler
                0x08002244                TIM4_IRQHandler
                0x08002244                I2C1_EV_IRQHandler
                0x08002244                DMA1_Channel6_IRQHandler
                0x08002244                TIM3_IRQHandler
                0x08002244                RCC_IRQHandler
                0x08002244                TIM1_TRG_COM_IRQHandler
                0x08002244                Default_Handler
                0x08002244                EXTI15_10_IRQHandler
                0x08002244                EXTI9_5_IRQHandler
                0x08002244                SPI2_IRQHandler
                0x08002244                DMA1_Channel5_IRQHandler
                0x08002244                EXTI4_IRQHandler
                0x08002244                USB_LP_CAN1_RX0_IRQHandler
                0x08002244                USB_HP_CAN1_TX_IRQHandler
                0x08002244                DMA1_Channel3_IRQHandler
                0x08002244                TIM1_UP_IRQHandler
                0x08002244                WWDG_IRQHandler
                0x08002244                TIM2_IRQHandler
                0x08002244                TIM1_BRK_IRQHandler
                0x08002244                EXTI1_IRQHandler
                0x08002244                USART2_IRQHandler
                0x08002244                I2C2_ER_IRQHandler
                0x08002244                DMA1_Channel2_IRQHandler
                0x08002244                CAN1_SCE_IRQHandler
                0x08002244                FLASH_IRQHandler
                0x08002244                I2C1_ER_IRQHandler
                0x08002244                USBWakeUp_IRQHandler
 *fill*         0x08002246        0x2 
 .text.__libc_init_array
                0x08002248       0x48 c:/compilers/arm-none-eabi/11.2_2022.02/bin/../lib/gcc/arm-none-eabi/11.2.1/thumb/v7-m/nofp\libc_nano.a(lib_a-init.o)
                0x08002248                __libc_init_array
 .text.memset   0x08002290       0x10 c:/compilers/arm-none-eabi/11.2_2022.02/bin/../lib/gcc/arm-none-eabi/11.2.1/thumb/v7-m/nofp\libc_nano.a(lib_a-memset.o)
                0x08002290                memset
 *(.glue_7)
 .glue_7        0x080022a0        0x0 linker stubs
 *(.glue_7t)
 .glue_7t       0x080022a0        0x0 linker stubs
 *(.eh_frame)
 .eh_frame      0x080022a0        0x0 c:/compilers/arm-none-eabi/11.2_2022.02/bin/../lib/gcc/arm-none-eabi/11.2.1/thumb/v7-m/nofp/crtbegin.o
 *(.init)
 .init          0x080022a0        0x4 c:/compilers/arm-none-eabi/11.2_2022.02/bin/../lib/gcc/arm-none-eabi/11.2.1/thumb/v7-m/nofp/crti.o
                0x080022a0                _init
 .init          0x080022a4        0x8 c:/compilers/arm-none-eabi/11.2_2022.02/bin/../lib/gcc/arm-none-eabi/11.2.1/thumb/v7-m/nofp/crtn.o
 *(.fini)
 .fini          0x080022ac        0x4 c:/compilers/arm-none-eabi/11.2_2022.02/bin/../lib/gcc/arm-none-eabi/11.2.1/thumb/v7-m/nofp/crti.o
                0x080022ac                _fini
 .fini          0x080022b0        0x8 c:/compilers/arm-none-eabi/11.2_2022.02/bin/../lib/gcc/arm-none-eabi/11.2.1/thumb/v7-m/nofp/crtn.o
                0x080022b8                . = ALIGN (0x4)
                0x080022b8                _etext = .

.vfp11_veneer   0x080022b8        0x0
 .vfp11_veneer  0x080022b8        0x0 linker stubs

.v4_bx          0x080022b8        0x0
 .v4_bx         0x080022b8        0x0 linker stubs

.iplt           0x080022b8        0x0
 .iplt          0x080022b8        0x0 c:/compilers/arm-none-eabi/11.2_2022.02/bin/../lib/gcc/arm-none-eabi/11.2.1/thumb/v7-m/nofp/crtbegin.o

.rodata         0x080022b8       0x40
                0x080022b8                . = ALIGN (0x4)
 *(.rodata)
 *(.rodata*)
 .rodata.aPLLMULFactorTable.1
                0x080022b8       0x10 build/stm32f1xx_hal_rcc.o
 .rodata.aPredivFactorTable.0
                0x080022c8        0x2 build/stm32f1xx_hal_rcc.o
 *fill*         0x080022ca        0x2 
 .rodata.aPLLMULFactorTable.1
                0x080022cc       0x10 build/stm32f1xx_hal_rcc_ex.o
 .rodata.aPredivFactorTable.0
                0x080022dc        0x2 build/stm32f1xx_hal_rcc_ex.o
 *fill*         0x080022de        0x2 
 .rodata.AHBPrescTable
                0x080022e0       0x10 build/system_stm32f1xx.o
                0x080022e0                AHBPrescTable
 .rodata.APBPrescTable
                0x080022f0        0x8 build/system_stm32f1xx.o
                0x080022f0                APBPrescTable
                0x080022f8                . = ALIGN (0x4)

.rel.dyn        0x080022f8        0x0
 .rel.iplt      0x080022f8        0x0 c:/compilers/arm-none-eabi/11.2_2022.02/bin/../lib/gcc/arm-none-eabi/11.2.1/thumb/v7-m/nofp/crtbegin.o

.ARM.extab
 *(.ARM.extab* .gnu.linkonce.armextab.*)

.ARM            0x080022f8        0x0
                0x080022f8                __exidx_start = .
 *(.ARM.exidx*)
                0x080022f8                __exidx_end = .

.preinit_array  0x080022f8        0x0
                0x080022f8                PROVIDE (__preinit_array_start = .)
 *(.preinit_array*)
                0x080022f8                PROVIDE (__preinit_array_end = .)

.init_array     0x080022f8        0x4
                0x080022f8                PROVIDE (__init_array_start = .)
 *(SORT_BY_NAME(.init_array.*))
 *(.init_array*)
 .init_array    0x080022f8        0x4 c:/compilers/arm-none-eabi/11.2_2022.02/bin/../lib/gcc/arm-none-eabi/11.2.1/thumb/v7-m/nofp/crtbegin.o
                0x080022fc                PROVIDE (__init_array_end = .)

.fini_array     0x080022fc        0x4
                [!provide]                PROVIDE (__fini_array_start = .)
 *(SORT_BY_NAME(.fini_array.*))
 *(.fini_array*)
 .fini_array    0x080022fc        0x4 c:/compilers/arm-none-eabi/11.2_2022.02/bin/../lib/gcc/arm-none-eabi/11.2.1/thumb/v7-m/nofp/crtbegin.o
                [!provide]                PROVIDE (__fini_array_end = .)
                0x08002300                _sidata = LOADADDR (.data)

.data           0x20000000        0xc load address 0x08002300
                0x20000000                . = ALIGN (0x4)
                0x20000000                _sdata = .
 *(.data)
 *(.data*)
 .data.uwTickFreq
                0x20000000        0x1 build/stm32f1xx_hal.o
                0x20000000                uwTickFreq
 *fill*         0x20000001        0x3 
 .data.uwTickPrio
                0x20000004        0x4 build/stm32f1xx_hal.o
                0x20000004                uwTickPrio
 .data.SystemCoreClock
                0x20000008        0x4 build/system_stm32f1xx.o
                0x20000008                SystemCoreClock
                0x2000000c                . = ALIGN (0x4)
                0x2000000c                _edata = .

.tm_clone_table
                0x2000000c        0x0 load address 0x0800230c
 .tm_clone_table
                0x2000000c        0x0 c:/compilers/arm-none-eabi/11.2_2022.02/bin/../lib/gcc/arm-none-eabi/11.2.1/thumb/v7-m/nofp/crtbegin.o
 .tm_clone_table
                0x2000000c        0x0 c:/compilers/arm-none-eabi/11.2_2022.02/bin/../lib/gcc/arm-none-eabi/11.2.1/thumb/v7-m/nofp/crtend.o

.igot.plt       0x2000000c        0x0 load address 0x0800230c
 .igot.plt      0x2000000c        0x0 c:/compilers/arm-none-eabi/11.2_2022.02/bin/../lib/gcc/arm-none-eabi/11.2.1/thumb/v7-m/nofp/crtbegin.o
                0x2000000c                . = ALIGN (0x4)

.bss            0x2000000c       0xec load address 0x0800230c
                0x2000000c                _sbss = .
                0x2000000c                __bss_start__ = _sbss
 *(.bss)
 *(.bss*)
 .bss.completed.1
                0x2000000c        0x1 c:/compilers/arm-none-eabi/11.2_2022.02/bin/../lib/gcc/arm-none-eabi/11.2.1/thumb/v7-m/nofp/crtbegin.o
 *fill*         0x2000000d        0x3 
 .bss.object.0  0x20000010       0x18 c:/compilers/arm-none-eabi/11.2_2022.02/bin/../lib/gcc/arm-none-eabi/11.2.1/thumb/v7-m/nofp/crtbegin.o
 .bss.buttonState
                0x20000028        0x4 build/main.o
                0x20000028                buttonState
 .bss.buttonState2
                0x2000002c        0x4 build/main.o
                0x2000002c                buttonState2
 .bss.readValue
                0x20000030        0x4 build/main.o
                0x20000030                readValue
 .bss.test      0x20000034        0x4 build/main.o
                0x20000034                test
 .bss.uwTick    0x20000038        0x4 build/stm32f1xx_hal.o
                0x20000038                uwTick
 .bss.hadc1     0x2000003c       0x30 build/adc.o
                0x2000003c                hadc1
 .bss.hdma_adc1
                0x2000006c       0x44 build/adc.o
                0x2000006c                hdma_adc1
 .bss.huart1    0x200000b0       0x48 build/usart.o
                0x200000b0                huart1
 *(COMMON)
                0x200000f8                . = ALIGN (0x4)
                0x200000f8                _ebss = .
                0x200000f8                __bss_end__ = _ebss

._user_heap_stack
                0x200000f8      0x600 load address 0x0800230c
                0x200000f8                . = ALIGN (0x8)
                [!provide]                PROVIDE (end = .)
                [!provide]                PROVIDE (_end = .)
                0x200002f8                . = (. + _Min_Heap_Size)
 *fill*         0x200000f8      0x200 
                0x200006f8                . = (. + _Min_Stack_Size)
 *fill*         0x200002f8      0x400 
                0x200006f8                . = ALIGN (0x8)

/DISCARD/
 libc.a(*)
 libm.a(*)
 libgcc.a(*)

.ARM.attributes
                0x00000000       0x29
 *(.ARM.attributes)
 .ARM.attributes
                0x00000000       0x1d c:/compilers/arm-none-eabi/11.2_2022.02/bin/../lib/gcc/arm-none-eabi/11.2.1/thumb/v7-m/nofp/crti.o
 .ARM.attributes
                0x0000001d       0x2d c:/compilers/arm-none-eabi/11.2_2022.02/bin/../lib/gcc/arm-none-eabi/11.2.1/thumb/v7-m/nofp/crtbegin.o
 .ARM.attributes
                0x0000004a       0x2d build/main.o
 .ARM.attributes
                0x00000077       0x2d build/gpio.o
 .ARM.attributes
                0x000000a4       0x2d build/stm32f1xx_it.o
 .ARM.attributes
                0x000000d1       0x2d build/stm32f1xx_hal_msp.o
 .ARM.attributes
                0x000000fe       0x2d build/stm32f1xx_hal.o
 .ARM.attributes
                0x0000012b       0x2d build/stm32f1xx_hal_rcc.o
 .ARM.attributes
                0x00000158       0x2d build/stm32f1xx_hal_rcc_ex.o
 .ARM.attributes
                0x00000185       0x2d build/stm32f1xx_hal_gpio.o
 .ARM.attributes
                0x000001b2       0x2d build/stm32f1xx_hal_dma.o
 .ARM.attributes
                0x000001df       0x2d build/stm32f1xx_hal_cortex.o
 .ARM.attributes
                0x0000020c       0x2d build/system_stm32f1xx.o
 .ARM.attributes
                0x00000239       0x2d build/adc.o
 .ARM.attributes
                0x00000266       0x2d build/stm32f1xx_hal_adc.o
 .ARM.attributes
                0x00000293       0x2d build/stm32f1xx_hal_adc_ex.o
 .ARM.attributes
                0x000002c0       0x2d build/dma.o
 .ARM.attributes
                0x000002ed       0x2d build/usart.o
 .ARM.attributes
                0x0000031a       0x2d build/stm32f1xx_hal_uart.o
 .ARM.attributes
                0x00000347       0x21 build/startup_stm32f103xb.o
 .ARM.attributes
                0x00000368       0x2d c:/compilers/arm-none-eabi/11.2_2022.02/bin/../lib/gcc/arm-none-eabi/11.2.1/thumb/v7-m/nofp\libc_nano.a(lib_a-init.o)
 .ARM.attributes
                0x00000395       0x2d c:/compilers/arm-none-eabi/11.2_2022.02/bin/../lib/gcc/arm-none-eabi/11.2.1/thumb/v7-m/nofp\libc_nano.a(lib_a-memset.o)
 .ARM.attributes
                0x000003c2       0x2d c:/compilers/arm-none-eabi/11.2_2022.02/bin/../lib/gcc/arm-none-eabi/11.2.1/thumb/v7-m/nofp/crtend.o
 .ARM.attributes
                0x000003ef       0x1d c:/compilers/arm-none-eabi/11.2_2022.02/bin/../lib/gcc/arm-none-eabi/11.2.1/thumb/v7-m/nofp/crtn.o
OUTPUT(build/Blink_bluepill.elf elf32-littlearm)
LOAD linker stubs
LOAD c:/compilers/arm-none-eabi/11.2_2022.02/bin/../lib/gcc/arm-none-eabi/11.2.1/thumb/v7-m/nofp\libc.a
LOAD c:/compilers/arm-none-eabi/11.2_2022.02/bin/../lib/gcc/arm-none-eabi/11.2.1/thumb/v7-m/nofp\libm.a
LOAD c:/compilers/arm-none-eabi/11.2_2022.02/bin/../lib/gcc/arm-none-eabi/11.2.1/thumb/v7-m/nofp\libgcc.a

.comment        0x00000000       0x57
 .comment       0x00000000       0x57 c:/compilers/arm-none-eabi/11.2_2022.02/bin/../lib/gcc/arm-none-eabi/11.2.1/thumb/v7-m/nofp/crtbegin.o
                                 0x58 (size before relaxing)
 .comment       0x00000057       0x58 build/main.o
 .comment       0x00000057       0x58 build/gpio.o
 .comment       0x00000057       0x58 build/stm32f1xx_it.o
 .comment       0x00000057       0x58 build/stm32f1xx_hal_msp.o
 .comment       0x00000057       0x58 build/stm32f1xx_hal.o
 .comment       0x00000057       0x58 build/stm32f1xx_hal_rcc.o
 .comment       0x00000057       0x58 build/stm32f1xx_hal_rcc_ex.o
 .comment       0x00000057       0x58 build/stm32f1xx_hal_gpio.o
 .comment       0x00000057       0x58 build/stm32f1xx_hal_dma.o
 .comment       0x00000057       0x58 build/stm32f1xx_hal_cortex.o
 .comment       0x00000057       0x58 build/system_stm32f1xx.o
 .comment       0x00000057       0x58 build/adc.o
 .comment       0x00000057       0x58 build/stm32f1xx_hal_adc.o
 .comment       0x00000057       0x58 build/stm32f1xx_hal_adc_ex.o
 .comment       0x00000057       0x58 build/dma.o
 .comment       0x00000057       0x58 build/usart.o
 .comment       0x00000057       0x58 build/stm32f1xx_hal_uart.o
 .comment       0x00000057       0x58 c:/compilers/arm-none-eabi/11.2_2022.02/bin/../lib/gcc/arm-none-eabi/11.2.1/thumb/v7-m/nofp\libc_nano.a(lib_a-init.o)
 .comment       0x00000057       0x58 c:/compilers/arm-none-eabi/11.2_2022.02/bin/../lib/gcc/arm-none-eabi/11.2.1/thumb/v7-m/nofp\libc_nano.a(lib_a-memset.o)
 .comment       0x00000057       0x58 c:/compilers/arm-none-eabi/11.2_2022.02/bin/../lib/gcc/arm-none-eabi/11.2.1/thumb/v7-m/nofp/crtend.o

.debug_info     0x00000000     0xd601
 .debug_info    0x00000000      0xf29 build/main.o
 .debug_info    0x00000f29      0x398 build/gpio.o
 .debug_info    0x000012c1      0x9f1 build/stm32f1xx_it.o
 .debug_info    0x00001cb2      0x238 build/stm32f1xx_hal_msp.o
 .debug_info    0x00001eea      0x880 build/stm32f1xx_hal.o
 .debug_info    0x0000276a      0xb10 build/stm32f1xx_hal_rcc.o
 .debug_info    0x0000327a      0x47d build/stm32f1xx_hal_rcc_ex.o
 .debug_info    0x000036f7      0x6d7 build/stm32f1xx_hal_gpio.o
 .debug_info    0x00003dce      0x8bd build/stm32f1xx_hal_dma.o
 .debug_info    0x0000468b      0xe33 build/stm32f1xx_hal_cortex.o
 .debug_info    0x000054be      0x26e build/system_stm32f1xx.o
 .debug_info    0x0000572c      0xbc4 build/adc.o
 .debug_info    0x000062f0     0x108e build/stm32f1xx_hal_adc.o
 .debug_info    0x0000737e      0xda2 build/stm32f1xx_hal_adc_ex.o
 .debug_info    0x00008120      0x335 build/dma.o
 .debug_info    0x00008455      0xbc4 build/usart.o
 .debug_info    0x00009019     0x43db build/stm32f1xx_hal_uart.o
 .debug_info    0x0000d3f4       0x22 build/startup_stm32f103xb.o
 .debug_info    0x0000d416      0x10b c:/compilers/arm-none-eabi/11.2_2022.02/bin/../lib/gcc/arm-none-eabi/11.2.1/thumb/v7-m/nofp\libc_nano.a(lib_a-init.o)
 .debug_info    0x0000d521       0xe0 c:/compilers/arm-none-eabi/11.2_2022.02/bin/../lib/gcc/arm-none-eabi/11.2.1/thumb/v7-m/nofp\libc_nano.a(lib_a-memset.o)

.debug_abbrev   0x00000000     0x25b9
 .debug_abbrev  0x00000000      0x2a4 build/main.o
 .debug_abbrev  0x000002a4      0x14e build/gpio.o
 .debug_abbrev  0x000003f2      0x183 build/stm32f1xx_it.o
 .debug_abbrev  0x00000575       0xe7 build/stm32f1xx_hal_msp.o
 .debug_abbrev  0x0000065c      0x232 build/stm32f1xx_hal.o
 .debug_abbrev  0x0000088e      0x2d6 build/stm32f1xx_hal_rcc.o
 .debug_abbrev  0x00000b64      0x1d4 build/stm32f1xx_hal_rcc_ex.o
 .debug_abbrev  0x00000d38      0x222 build/stm32f1xx_hal_gpio.o
 .debug_abbrev  0x00000f5a      0x261 build/stm32f1xx_hal_dma.o
 .debug_abbrev  0x000011bb      0x348 build/stm32f1xx_hal_cortex.o
 .debug_abbrev  0x00001503      0x140 build/system_stm32f1xx.o
 .debug_abbrev  0x00001643      0x227 build/adc.o
 .debug_abbrev  0x0000186a      0x282 build/stm32f1xx_hal_adc.o
 .debug_abbrev  0x00001aec      0x297 build/stm32f1xx_hal_adc_ex.o
 .debug_abbrev  0x00001d83      0x11d build/dma.o
 .debug_abbrev  0x00001ea0      0x241 build/usart.o
 .debug_abbrev  0x000020e1      0x35f build/stm32f1xx_hal_uart.o
 .debug_abbrev  0x00002440       0x12 build/startup_stm32f103xb.o
 .debug_abbrev  0x00002452       0xc9 c:/compilers/arm-none-eabi/11.2_2022.02/bin/../lib/gcc/arm-none-eabi/11.2.1/thumb/v7-m/nofp\libc_nano.a(lib_a-init.o)
 .debug_abbrev  0x0000251b       0x9e c:/compilers/arm-none-eabi/11.2_2022.02/bin/../lib/gcc/arm-none-eabi/11.2.1/thumb/v7-m/nofp\libc_nano.a(lib_a-memset.o)

.debug_loc      0x00000000     0x90c4
 .debug_loc     0x00000000       0xc3 build/main.o
 .debug_loc     0x000000c3       0x38 build/gpio.o
 .debug_loc     0x000000fb       0x80 build/stm32f1xx_it.o
 .debug_loc     0x0000017b       0x41 build/stm32f1xx_hal_msp.o
 .debug_loc     0x000001bc      0x1e1 build/stm32f1xx_hal.o
 .debug_loc     0x0000039d      0x790 build/stm32f1xx_hal_rcc.o
 .debug_loc     0x00000b2d      0x495 build/stm32f1xx_hal_rcc_ex.o
 .debug_loc     0x00000fc2      0x53c build/stm32f1xx_hal_gpio.o
 .debug_loc     0x000014fe      0x8fb build/stm32f1xx_hal_dma.o
 .debug_loc     0x00001df9      0x80c build/stm32f1xx_hal_cortex.o
 .debug_loc     0x00002605       0xff build/system_stm32f1xx.o
 .debug_loc     0x00002704      0x119 build/adc.o
 .debug_loc     0x0000281d      0xe64 build/stm32f1xx_hal_adc.o
 .debug_loc     0x00003681      0xa59 build/stm32f1xx_hal_adc_ex.o
 .debug_loc     0x000040da       0x38 build/dma.o
 .debug_loc     0x00004112      0x13d build/usart.o
 .debug_loc     0x0000424f     0x4e75 build/stm32f1xx_hal_uart.o

.debug_aranges  0x00000000      0x878
 .debug_aranges
                0x00000000       0x30 build/main.o
 .debug_aranges
                0x00000030       0x20 build/gpio.o
 .debug_aranges
                0x00000050       0x78 build/stm32f1xx_it.o
 .debug_aranges
                0x000000c8       0x20 build/stm32f1xx_hal_msp.o
 .debug_aranges
                0x000000e8       0xe0 build/stm32f1xx_hal.o
 .debug_aranges
                0x000001c8       0x90 build/stm32f1xx_hal_rcc.o
 .debug_aranges
                0x00000258       0x30 build/stm32f1xx_hal_rcc_ex.o
 .debug_aranges
                0x00000288       0x58 build/stm32f1xx_hal_gpio.o
 .debug_aranges
                0x000002e0       0x80 build/stm32f1xx_hal_dma.o
 .debug_aranges
                0x00000360       0x90 build/stm32f1xx_hal_cortex.o
 .debug_aranges
                0x000003f0       0x28 build/system_stm32f1xx.o
 .debug_aranges
                0x00000418       0x30 build/adc.o
 .debug_aranges
                0x00000448       0xf0 build/stm32f1xx_hal_adc.o
 .debug_aranges
                0x00000538       0x80 build/stm32f1xx_hal_adc_ex.o
 .debug_aranges
                0x000005b8       0x20 build/dma.o
 .debug_aranges
                0x000005d8       0x30 build/usart.o
 .debug_aranges
                0x00000608      0x208 build/stm32f1xx_hal_uart.o
 .debug_aranges
                0x00000810       0x28 build/startup_stm32f103xb.o
 .debug_aranges
                0x00000838       0x20 c:/compilers/arm-none-eabi/11.2_2022.02/bin/../lib/gcc/arm-none-eabi/11.2.1/thumb/v7-m/nofp\libc_nano.a(lib_a-init.o)
 .debug_aranges
                0x00000858       0x20 c:/compilers/arm-none-eabi/11.2_2022.02/bin/../lib/gcc/arm-none-eabi/11.2.1/thumb/v7-m/nofp\libc_nano.a(lib_a-memset.o)

.debug_ranges   0x00000000      0x7e8
 .debug_ranges  0x00000000       0x38 build/main.o
 .debug_ranges  0x00000038       0x10 build/gpio.o
 .debug_ranges  0x00000048       0x68 build/stm32f1xx_it.o
 .debug_ranges  0x000000b0       0x10 build/stm32f1xx_hal_msp.o
 .debug_ranges  0x000000c0       0xd0 build/stm32f1xx_hal.o
 .debug_ranges  0x00000190       0xa0 build/stm32f1xx_hal_rcc.o
 .debug_ranges  0x00000230       0x38 build/stm32f1xx_hal_rcc_ex.o
 .debug_ranges  0x00000268       0x48 build/stm32f1xx_hal_gpio.o
 .debug_ranges  0x000002b0       0x70 build/stm32f1xx_hal_dma.o
 .debug_ranges  0x00000320       0xe0 build/stm32f1xx_hal_cortex.o
 .debug_ranges  0x00000400       0x18 build/system_stm32f1xx.o
 .debug_ranges  0x00000418       0x20 build/adc.o
 .debug_ranges  0x00000438       0xe0 build/stm32f1xx_hal_adc.o
 .debug_ranges  0x00000518       0x70 build/stm32f1xx_hal_adc_ex.o
 .debug_ranges  0x00000588       0x10 build/dma.o
 .debug_ranges  0x00000598       0x20 build/usart.o
 .debug_ranges  0x000005b8      0x210 build/stm32f1xx_hal_uart.o
 .debug_ranges  0x000007c8       0x20 build/startup_stm32f103xb.o

.debug_line     0x00000000     0x9ff7
 .debug_line    0x00000000      0x443 build/main.o
 .debug_line    0x00000443      0x1bf build/gpio.o
 .debug_line    0x00000602      0x312 build/stm32f1xx_it.o
 .debug_line    0x00000914      0x14b build/stm32f1xx_hal_msp.o
 .debug_line    0x00000a5f      0x4fc build/stm32f1xx_hal.o
 .debug_line    0x00000f5b      0xbe4 build/stm32f1xx_hal_rcc.o
 .debug_line    0x00001b3f      0x459 build/stm32f1xx_hal_rcc_ex.o
 .debug_line    0x00001f98      0x5a9 build/stm32f1xx_hal_gpio.o
 .debug_line    0x00002541      0xa28 build/stm32f1xx_hal_dma.o
 .debug_line    0x00002f69      0x606 build/stm32f1xx_hal_cortex.o
 .debug_line    0x0000356f      0x214 build/system_stm32f1xx.o
 .debug_line    0x00003783      0x33f build/adc.o
 .debug_line    0x00003ac2      0xea1 build/stm32f1xx_hal_adc.o
 .debug_line    0x00004963      0xb75 build/stm32f1xx_hal_adc_ex.o
 .debug_line    0x000054d8      0x16d build/dma.o
 .debug_line    0x00005645      0x2e9 build/usart.o
 .debug_line    0x0000592e     0x436b build/stm32f1xx_hal_uart.o
 .debug_line    0x00009c99       0x74 build/startup_stm32f103xb.o
 .debug_line    0x00009d0d      0x174 c:/compilers/arm-none-eabi/11.2_2022.02/bin/../lib/gcc/arm-none-eabi/11.2.1/thumb/v7-m/nofp\libc_nano.a(lib_a-init.o)
 .debug_line    0x00009e81      0x176 c:/compilers/arm-none-eabi/11.2_2022.02/bin/../lib/gcc/arm-none-eabi/11.2.1/thumb/v7-m/nofp\libc_nano.a(lib_a-memset.o)

.debug_str      0x00000000     0x2a33
 .debug_str     0x00000000      0x961 build/main.o
                                0xa3d (size before relaxing)
 .debug_str     0x00000961       0x90 build/gpio.o
                                0x26a (size before relaxing)
 .debug_str     0x000009f1      0x135 build/stm32f1xx_it.o
                                0x7ca (size before relaxing)
 .debug_str     0x00000b26       0x57 build/stm32f1xx_hal_msp.o
                                0x1fe (size before relaxing)
 .debug_str     0x00000b7d      0x5fd build/stm32f1xx_hal.o
                                0x80d (size before relaxing)
 .debug_str     0x0000117a      0x1fe build/stm32f1xx_hal_rcc.o
                                0x60a (size before relaxing)
 .debug_str     0x00001378       0x9c build/stm32f1xx_hal_rcc_ex.o
                                0x3b2 (size before relaxing)
 .debug_str     0x00001414      0x108 build/stm32f1xx_hal_gpio.o
                                0x3df (size before relaxing)
 .debug_str     0x0000151c      0x229 build/stm32f1xx_hal_dma.o
                                0x5dc (size before relaxing)
 .debug_str     0x00001745      0x3b8 build/stm32f1xx_hal_cortex.o
                                0x8b2 (size before relaxing)
 .debug_str     0x00001afd       0x4f build/system_stm32f1xx.o
                                0x233 (size before relaxing)
 .debug_str     0x00001b4c       0x7d build/adc.o
                                0x951 (size before relaxing)
 .debug_str     0x00001bc9      0x2ac build/stm32f1xx_hal_adc.o
                                0x8b9 (size before relaxing)
 .debug_str     0x00001e75      0x28e build/stm32f1xx_hal_adc_ex.o
                                0x89c (size before relaxing)
 .debug_str     0x00002103        0xf build/dma.o
                                0x4c9 (size before relaxing)
 .debug_str     0x00002112       0x4e build/usart.o
                                0x9fa (size before relaxing)
 .debug_str     0x00002160      0x5f3 build/stm32f1xx_hal_uart.o
                                0xcd3 (size before relaxing)
 .debug_str     0x00002753       0x22 build/startup_stm32f103xb.o
                                 0x5a (size before relaxing)
 .debug_str     0x00002775      0x1da c:/compilers/arm-none-eabi/11.2_2022.02/bin/../lib/gcc/arm-none-eabi/11.2.1/thumb/v7-m/nofp\libc_nano.a(lib_a-init.o)
                                0x26f (size before relaxing)
 .debug_str     0x0000294f       0xe4 c:/compilers/arm-none-eabi/11.2_2022.02/bin/../lib/gcc/arm-none-eabi/11.2.1/thumb/v7-m/nofp\libc_nano.a(lib_a-memset.o)
                                0x210 (size before relaxing)

.debug_frame    0x00000000     0x1440
 .debug_frame   0x00000000       0x5c build/main.o
 .debug_frame   0x0000005c       0x30 build/gpio.o
 .debug_frame   0x0000008c       0xf0 build/stm32f1xx_it.o
 .debug_frame   0x0000017c       0x28 build/stm32f1xx_hal_msp.o
 .debug_frame   0x000001a4      0x1cc build/stm32f1xx_hal.o
 .debug_frame   0x00000370      0x184 build/stm32f1xx_hal_rcc.o
 .debug_frame   0x000004f4       0x5c build/stm32f1xx_hal_rcc_ex.o
 .debug_frame   0x00000550       0xe4 build/stm32f1xx_hal_gpio.o
 .debug_frame   0x00000634      0x144 build/stm32f1xx_hal_dma.o
 .debug_frame   0x00000778      0x118 build/stm32f1xx_hal_cortex.o
 .debug_frame   0x00000890       0x30 build/system_stm32f1xx.o
 .debug_frame   0x000008c0       0x68 build/adc.o
 .debug_frame   0x00000928      0x2c8 build/stm32f1xx_hal_adc.o
 .debug_frame   0x00000bf0      0x19c build/stm32f1xx_hal_adc_ex.o
 .debug_frame   0x00000d8c       0x2c build/dma.o
 .debug_frame   0x00000db8       0x64 build/usart.o
 .debug_frame   0x00000e1c      0x5d8 build/stm32f1xx_hal_uart.o
 .debug_frame   0x000013f4       0x2c c:/compilers/arm-none-eabi/11.2_2022.02/bin/../lib/gcc/arm-none-eabi/11.2.1/thumb/v7-m/nofp\libc_nano.a(lib_a-init.o)
 .debug_frame   0x00001420       0x20 c:/compilers/arm-none-eabi/11.2_2022.02/bin/../lib/gcc/arm-none-eabi/11.2.1/thumb/v7-m/nofp\libc_nano.a(lib_a-memset.o)

.debug_loclists
                0x00000000       0x6f
 .debug_loclists
                0x00000000       0x34 c:/compilers/arm-none-eabi/11.2_2022.02/bin/../lib/gcc/arm-none-eabi/11.2.1/thumb/v7-m/nofp\libc_nano.a(lib_a-init.o)
 .debug_loclists
                0x00000034       0x3b c:/compilers/arm-none-eabi/11.2_2022.02/bin/../lib/gcc/arm-none-eabi/11.2.1/thumb/v7-m/nofp\libc_nano.a(lib_a-memset.o)

.debug_rnglists
                0x00000000       0x26
 .debug_rnglists
                0x00000000       0x13 c:/compilers/arm-none-eabi/11.2_2022.02/bin/../lib/gcc/arm-none-eabi/11.2.1/thumb/v7-m/nofp\libc_nano.a(lib_a-init.o)
 .debug_rnglists
                0x00000013       0x13 c:/compilers/arm-none-eabi/11.2_2022.02/bin/../lib/gcc/arm-none-eabi/11.2.1/thumb/v7-m/nofp\libc_nano.a(lib_a-memset.o)

Cross Reference Table

Symbol                                            File
ADC1_2_IRQHandler                                 build/stm32f1xx_it.o
ADC_ConversionStop_Disable                        build/stm32f1xx_hal_adc.o
                                                  build/stm32f1xx_hal_adc_ex.o
ADC_DMAConvCplt                                   build/stm32f1xx_hal_adc.o
                                                  build/stm32f1xx_hal_adc_ex.o
ADC_DMAError                                      build/stm32f1xx_hal_adc.o
                                                  build/stm32f1xx_hal_adc_ex.o
ADC_DMAHalfConvCplt                               build/stm32f1xx_hal_adc.o
                                                  build/stm32f1xx_hal_adc_ex.o
ADC_Enable                                        build/stm32f1xx_hal_adc.o
                                                  build/stm32f1xx_hal_adc_ex.o
AHBPrescTable                                     build/system_stm32f1xx.o
                                                  build/stm32f1xx_hal_rcc.o
APBPrescTable                                     build/system_stm32f1xx.o
                                                  build/stm32f1xx_hal_rcc.o
BusFault_Handler                                  build/stm32f1xx_it.o
CAN1_RX1_IRQHandler                               build/startup_stm32f103xb.o
CAN1_SCE_IRQHandler                               build/startup_stm32f103xb.o
DMA1_Channel1_IRQHandler                          build/stm32f1xx_it.o
DMA1_Channel2_IRQHandler                          build/startup_stm32f103xb.o
DMA1_Channel3_IRQHandler                          build/startup_stm32f103xb.o
DMA1_Channel4_IRQHandler                          build/startup_stm32f103xb.o
DMA1_Channel5_IRQHandler                          build/startup_stm32f103xb.o
DMA1_Channel6_IRQHandler                          build/startup_stm32f103xb.o
DMA1_Channel7_IRQHandler                          build/startup_stm32f103xb.o
DebugMon_Handler                                  build/stm32f1xx_it.o
Default_Handler                                   build/startup_stm32f103xb.o
EXTI0_IRQHandler                                  build/startup_stm32f103xb.o
EXTI15_10_IRQHandler                              build/startup_stm32f103xb.o
EXTI1_IRQHandler                                  build/startup_stm32f103xb.o
EXTI2_IRQHandler                                  build/startup_stm32f103xb.o
EXTI3_IRQHandler                                  build/startup_stm32f103xb.o
EXTI4_IRQHandler                                  build/startup_stm32f103xb.o
EXTI9_5_IRQHandler                                build/startup_stm32f103xb.o
Error_Handler                                     build/main.o
                                                  build/usart.o
                                                  build/adc.o
FLASH_IRQHandler                                  build/startup_stm32f103xb.o
FLASH_PageErase                                   build/stm32f1xx_hal_flash_ex.o
                                                  build/stm32f1xx_hal_flash.o
FLASH_WaitForLastOperation                        build/stm32f1xx_hal_flash.o
                                                  build/stm32f1xx_hal_flash_ex.o
HAL_ADCEx_Calibration_Start                       build/stm32f1xx_hal_adc_ex.o
HAL_ADCEx_InjectedConfigChannel                   build/stm32f1xx_hal_adc_ex.o
HAL_ADCEx_InjectedConvCpltCallback                build/stm32f1xx_hal_adc_ex.o
                                                  build/stm32f1xx_hal_adc.o
HAL_ADCEx_InjectedGetValue                        build/stm32f1xx_hal_adc_ex.o
HAL_ADCEx_InjectedPollForConversion               build/stm32f1xx_hal_adc_ex.o
HAL_ADCEx_InjectedStart                           build/stm32f1xx_hal_adc_ex.o
HAL_ADCEx_InjectedStart_IT                        build/stm32f1xx_hal_adc_ex.o
HAL_ADCEx_InjectedStop                            build/stm32f1xx_hal_adc_ex.o
HAL_ADCEx_InjectedStop_IT                         build/stm32f1xx_hal_adc_ex.o
HAL_ADCEx_MultiModeConfigChannel                  build/stm32f1xx_hal_adc_ex.o
HAL_ADCEx_MultiModeGetValue                       build/stm32f1xx_hal_adc_ex.o
HAL_ADCEx_MultiModeStart_DMA                      build/stm32f1xx_hal_adc_ex.o
HAL_ADCEx_MultiModeStop_DMA                       build/stm32f1xx_hal_adc_ex.o
HAL_ADC_AnalogWDGConfig                           build/stm32f1xx_hal_adc.o
HAL_ADC_ConfigChannel                             build/stm32f1xx_hal_adc.o
                                                  build/adc.o
HAL_ADC_ConvCpltCallback                          build/stm32f1xx_hal_adc.o
HAL_ADC_ConvHalfCpltCallback                      build/stm32f1xx_hal_adc.o
HAL_ADC_DeInit                                    build/stm32f1xx_hal_adc.o
HAL_ADC_ErrorCallback                             build/stm32f1xx_hal_adc.o
HAL_ADC_GetError                                  build/stm32f1xx_hal_adc.o
HAL_ADC_GetState                                  build/stm32f1xx_hal_adc.o
HAL_ADC_GetValue                                  build/stm32f1xx_hal_adc.o
                                                  build/main.o
HAL_ADC_IRQHandler                                build/stm32f1xx_hal_adc.o
                                                  build/stm32f1xx_it.o
HAL_ADC_Init                                      build/stm32f1xx_hal_adc.o
                                                  build/adc.o
HAL_ADC_LevelOutOfWindowCallback                  build/stm32f1xx_hal_adc.o
HAL_ADC_MspDeInit                                 build/adc.o
HAL_ADC_MspInit                                   build/adc.o
HAL_ADC_PollForConversion                         build/stm32f1xx_hal_adc.o
                                                  build/main.o
HAL_ADC_PollForEvent                              build/stm32f1xx_hal_adc.o
HAL_ADC_Start                                     build/stm32f1xx_hal_adc.o
                                                  build/main.o
HAL_ADC_Start_DMA                                 build/stm32f1xx_hal_adc.o
HAL_ADC_Start_IT                                  build/stm32f1xx_hal_adc.o
HAL_ADC_Stop                                      build/stm32f1xx_hal_adc.o
HAL_ADC_Stop_DMA                                  build/stm32f1xx_hal_adc.o
HAL_ADC_Stop_IT                                   build/stm32f1xx_hal_adc.o
HAL_DBGMCU_DisableDBGSleepMode                    build/stm32f1xx_hal.o
HAL_DBGMCU_DisableDBGStandbyMode                  build/stm32f1xx_hal.o
HAL_DBGMCU_DisableDBGStopMode                     build/stm32f1xx_hal.o
HAL_DBGMCU_EnableDBGSleepMode                     build/stm32f1xx_hal.o
HAL_DBGMCU_EnableDBGStandbyMode                   build/stm32f1xx_hal.o
HAL_DBGMCU_EnableDBGStopMode                      build/stm32f1xx_hal.o
HAL_DMA_Abort                                     build/stm32f1xx_hal_dma.o
                                                  build/stm32f1xx_hal_uart.o
                                                  build/stm32f1xx_hal_adc_ex.o
                                                  build/stm32f1xx_hal_adc.o
HAL_DMA_Abort_IT                                  build/stm32f1xx_hal_dma.o
                                                  build/stm32f1xx_hal_uart.o
HAL_DMA_DeInit                                    build/stm32f1xx_hal_dma.o
                                                  build/adc.o
HAL_DMA_GetError                                  build/stm32f1xx_hal_dma.o
                                                  build/stm32f1xx_hal_uart.o
HAL_DMA_GetState                                  build/stm32f1xx_hal_dma.o
HAL_DMA_IRQHandler                                build/stm32f1xx_hal_dma.o
                                                  build/stm32f1xx_it.o
HAL_DMA_Init                                      build/stm32f1xx_hal_dma.o
                                                  build/adc.o
HAL_DMA_PollForTransfer                           build/stm32f1xx_hal_dma.o
HAL_DMA_RegisterCallback                          build/stm32f1xx_hal_dma.o
HAL_DMA_Start                                     build/stm32f1xx_hal_dma.o
HAL_DMA_Start_IT                                  build/stm32f1xx_hal_dma.o
                                                  build/stm32f1xx_hal_uart.o
                                                  build/stm32f1xx_hal_adc_ex.o
                                                  build/stm32f1xx_hal_adc.o
HAL_DMA_UnRegisterCallback                        build/stm32f1xx_hal_dma.o
HAL_DeInit                                        build/stm32f1xx_hal.o
HAL_Delay                                         build/stm32f1xx_hal.o
HAL_EXTI_ClearConfigLine                          build/stm32f1xx_hal_exti.o
HAL_EXTI_ClearPending                             build/stm32f1xx_hal_exti.o
HAL_EXTI_GenerateSWI                              build/stm32f1xx_hal_exti.o
HAL_EXTI_GetConfigLine                            build/stm32f1xx_hal_exti.o
HAL_EXTI_GetHandle                                build/stm32f1xx_hal_exti.o
HAL_EXTI_GetPending                               build/stm32f1xx_hal_exti.o
HAL_EXTI_IRQHandler                               build/stm32f1xx_hal_exti.o
HAL_EXTI_RegisterCallback                         build/stm32f1xx_hal_exti.o
HAL_EXTI_SetConfigLine                            build/stm32f1xx_hal_exti.o
HAL_FLASHEx_Erase                                 build/stm32f1xx_hal_flash_ex.o
HAL_FLASHEx_Erase_IT                              build/stm32f1xx_hal_flash_ex.o
HAL_FLASHEx_OBErase                               build/stm32f1xx_hal_flash_ex.o
HAL_FLASHEx_OBGetConfig                           build/stm32f1xx_hal_flash_ex.o
HAL_FLASHEx_OBGetUserData                         build/stm32f1xx_hal_flash_ex.o
HAL_FLASHEx_OBProgram                             build/stm32f1xx_hal_flash_ex.o
HAL_FLASH_EndOfOperationCallback                  build/stm32f1xx_hal_flash.o
HAL_FLASH_GetError                                build/stm32f1xx_hal_flash.o
HAL_FLASH_IRQHandler                              build/stm32f1xx_hal_flash.o
HAL_FLASH_Lock                                    build/stm32f1xx_hal_flash.o
HAL_FLASH_OB_Launch                               build/stm32f1xx_hal_flash.o
HAL_FLASH_OB_Lock                                 build/stm32f1xx_hal_flash.o
HAL_FLASH_OB_Unlock                               build/stm32f1xx_hal_flash.o
HAL_FLASH_OperationErrorCallback                  build/stm32f1xx_hal_flash.o
HAL_FLASH_Program                                 build/stm32f1xx_hal_flash.o
HAL_FLASH_Program_IT                              build/stm32f1xx_hal_flash.o
HAL_FLASH_Unlock                                  build/stm32f1xx_hal_flash.o
HAL_GPIOEx_ConfigEventout                         build/stm32f1xx_hal_gpio_ex.o
HAL_GPIOEx_DisableEventout                        build/stm32f1xx_hal_gpio_ex.o
HAL_GPIOEx_EnableEventout                         build/stm32f1xx_hal_gpio_ex.o
HAL_GPIO_DeInit                                   build/stm32f1xx_hal_gpio.o
                                                  build/usart.o
                                                  build/adc.o
HAL_GPIO_EXTI_Callback                            build/stm32f1xx_hal_gpio.o
HAL_GPIO_EXTI_IRQHandler                          build/stm32f1xx_hal_gpio.o
HAL_GPIO_Init                                     build/stm32f1xx_hal_gpio.o
                                                  build/usart.o
                                                  build/adc.o
                                                  build/stm32f1xx_hal_rcc.o
                                                  build/gpio.o
HAL_GPIO_LockPin                                  build/stm32f1xx_hal_gpio.o
HAL_GPIO_ReadPin                                  build/stm32f1xx_hal_gpio.o
                                                  build/main.o
HAL_GPIO_TogglePin                                build/stm32f1xx_hal_gpio.o
HAL_GPIO_WritePin                                 build/stm32f1xx_hal_gpio.o
                                                  build/gpio.o
                                                  build/main.o
HAL_GetDEVID                                      build/stm32f1xx_hal.o
HAL_GetHalVersion                                 build/stm32f1xx_hal.o
HAL_GetREVID                                      build/stm32f1xx_hal.o
HAL_GetTick                                       build/stm32f1xx_hal.o
                                                  build/stm32f1xx_hal_uart.o
                                                  build/stm32f1xx_hal_adc_ex.o
                                                  build/stm32f1xx_hal_adc.o
                                                  build/stm32f1xx_hal_flash.o
                                                  build/stm32f1xx_hal_dma.o
                                                  build/stm32f1xx_hal_rcc_ex.o
                                                  build/stm32f1xx_hal_rcc.o
HAL_GetTickFreq                                   build/stm32f1xx_hal.o
HAL_GetTickPrio                                   build/stm32f1xx_hal.o
HAL_GetUIDw0                                      build/stm32f1xx_hal.o
HAL_GetUIDw1                                      build/stm32f1xx_hal.o
HAL_GetUIDw2                                      build/stm32f1xx_hal.o
HAL_HalfDuplex_EnableReceiver                     build/stm32f1xx_hal_uart.o
HAL_HalfDuplex_EnableTransmitter                  build/stm32f1xx_hal_uart.o
HAL_HalfDuplex_Init                               build/stm32f1xx_hal_uart.o
HAL_IncTick                                       build/stm32f1xx_hal.o
                                                  build/stm32f1xx_it.o
HAL_Init                                          build/stm32f1xx_hal.o
                                                  build/main.o
HAL_InitTick                                      build/stm32f1xx_hal.o
                                                  build/stm32f1xx_hal_rcc.o
HAL_LIN_Init                                      build/stm32f1xx_hal_uart.o
HAL_LIN_SendBreak                                 build/stm32f1xx_hal_uart.o
HAL_MspDeInit                                     build/stm32f1xx_hal.o
HAL_MspInit                                       build/stm32f1xx_hal_msp.o
HAL_MultiProcessor_EnterMuteMode                  build/stm32f1xx_hal_uart.o
HAL_MultiProcessor_ExitMuteMode                   build/stm32f1xx_hal_uart.o
HAL_MultiProcessor_Init                           build/stm32f1xx_hal_uart.o
HAL_NVIC_ClearPendingIRQ                          build/stm32f1xx_hal_cortex.o
HAL_NVIC_DisableIRQ                               build/stm32f1xx_hal_cortex.o
                                                  build/usart.o
                                                  build/adc.o
HAL_NVIC_EnableIRQ                                build/stm32f1xx_hal_cortex.o
                                                  build/usart.o
                                                  build/dma.o
                                                  build/adc.o
HAL_NVIC_GetActive                                build/stm32f1xx_hal_cortex.o
HAL_NVIC_GetPendingIRQ                            build/stm32f1xx_hal_cortex.o
HAL_NVIC_GetPriority                              build/stm32f1xx_hal_cortex.o
HAL_NVIC_GetPriorityGrouping                      build/stm32f1xx_hal_cortex.o
HAL_NVIC_SetPendingIRQ                            build/stm32f1xx_hal_cortex.o
HAL_NVIC_SetPriority                              build/stm32f1xx_hal_cortex.o
                                                  build/usart.o
                                                  build/dma.o
                                                  build/adc.o
                                                  build/stm32f1xx_hal.o
HAL_NVIC_SetPriorityGrouping                      build/stm32f1xx_hal_cortex.o
                                                  build/stm32f1xx_hal.o
HAL_NVIC_SystemReset                              build/stm32f1xx_hal_cortex.o
                                                  build/stm32f1xx_hal_flash.o
HAL_PWR_ConfigPVD                                 build/stm32f1xx_hal_pwr.o
HAL_PWR_DeInit                                    build/stm32f1xx_hal_pwr.o
HAL_PWR_DisableBkUpAccess                         build/stm32f1xx_hal_pwr.o
HAL_PWR_DisablePVD                                build/stm32f1xx_hal_pwr.o
HAL_PWR_DisableSEVOnPend                          build/stm32f1xx_hal_pwr.o
HAL_PWR_DisableSleepOnExit                        build/stm32f1xx_hal_pwr.o
HAL_PWR_DisableWakeUpPin                          build/stm32f1xx_hal_pwr.o
HAL_PWR_EnableBkUpAccess                          build/stm32f1xx_hal_pwr.o
HAL_PWR_EnablePVD                                 build/stm32f1xx_hal_pwr.o
HAL_PWR_EnableSEVOnPend                           build/stm32f1xx_hal_pwr.o
HAL_PWR_EnableSleepOnExit                         build/stm32f1xx_hal_pwr.o
HAL_PWR_EnableWakeUpPin                           build/stm32f1xx_hal_pwr.o
HAL_PWR_EnterSLEEPMode                            build/stm32f1xx_hal_pwr.o
HAL_PWR_EnterSTANDBYMode                          build/stm32f1xx_hal_pwr.o
HAL_PWR_EnterSTOPMode                             build/stm32f1xx_hal_pwr.o
HAL_PWR_PVDCallback                               build/stm32f1xx_hal_pwr.o
HAL_PWR_PVD_IRQHandler                            build/stm32f1xx_hal_pwr.o
HAL_RCCEx_GetPeriphCLKConfig                      build/stm32f1xx_hal_rcc_ex.o
HAL_RCCEx_GetPeriphCLKFreq                        build/stm32f1xx_hal_rcc_ex.o
                                                  build/stm32f1xx_hal_adc_ex.o
                                                  build/stm32f1xx_hal_adc.o
HAL_RCCEx_PeriphCLKConfig                         build/stm32f1xx_hal_rcc_ex.o
                                                  build/main.o
HAL_RCC_CSSCallback                               build/stm32f1xx_hal_rcc.o
HAL_RCC_ClockConfig                               build/stm32f1xx_hal_rcc.o
                                                  build/main.o
HAL_RCC_DeInit                                    build/stm32f1xx_hal_rcc.o
HAL_RCC_DisableCSS                                build/stm32f1xx_hal_rcc.o
HAL_RCC_EnableCSS                                 build/stm32f1xx_hal_rcc.o
HAL_RCC_GetClockConfig                            build/stm32f1xx_hal_rcc.o
HAL_RCC_GetHCLKFreq                               build/stm32f1xx_hal_rcc.o
HAL_RCC_GetOscConfig                              build/stm32f1xx_hal_rcc.o
HAL_RCC_GetPCLK1Freq                              build/stm32f1xx_hal_rcc.o
                                                  build/stm32f1xx_hal_uart.o
HAL_RCC_GetPCLK2Freq                              build/stm32f1xx_hal_rcc.o
                                                  build/stm32f1xx_hal_uart.o
                                                  build/stm32f1xx_hal_rcc_ex.o
HAL_RCC_GetSysClockFreq                           build/stm32f1xx_hal_rcc.o
HAL_RCC_MCOConfig                                 build/stm32f1xx_hal_rcc.o
HAL_RCC_NMI_IRQHandler                            build/stm32f1xx_hal_rcc.o
HAL_RCC_OscConfig                                 build/stm32f1xx_hal_rcc.o
                                                  build/main.o
HAL_ResumeTick                                    build/stm32f1xx_hal.o
HAL_SYSTICK_CLKSourceConfig                       build/stm32f1xx_hal_cortex.o
HAL_SYSTICK_Callback                              build/stm32f1xx_hal_cortex.o
HAL_SYSTICK_Config                                build/stm32f1xx_hal_cortex.o
                                                  build/stm32f1xx_hal.o
HAL_SYSTICK_IRQHandler                            build/stm32f1xx_hal_cortex.o
HAL_SetTickFreq                                   build/stm32f1xx_hal.o
HAL_SuspendTick                                   build/stm32f1xx_hal.o
HAL_UARTEx_GetRxEventType                         build/stm32f1xx_hal_uart.o
HAL_UARTEx_ReceiveToIdle                          build/stm32f1xx_hal_uart.o
HAL_UARTEx_ReceiveToIdle_DMA                      build/stm32f1xx_hal_uart.o
HAL_UARTEx_ReceiveToIdle_IT                       build/stm32f1xx_hal_uart.o
HAL_UARTEx_RxEventCallback                        build/stm32f1xx_hal_uart.o
HAL_UART_Abort                                    build/stm32f1xx_hal_uart.o
HAL_UART_AbortCpltCallback                        build/stm32f1xx_hal_uart.o
HAL_UART_AbortReceive                             build/stm32f1xx_hal_uart.o
HAL_UART_AbortReceiveCpltCallback                 build/stm32f1xx_hal_uart.o
HAL_UART_AbortReceive_IT                          build/stm32f1xx_hal_uart.o
HAL_UART_AbortTransmit                            build/stm32f1xx_hal_uart.o
HAL_UART_AbortTransmitCpltCallback                build/stm32f1xx_hal_uart.o
HAL_UART_AbortTransmit_IT                         build/stm32f1xx_hal_uart.o
HAL_UART_Abort_IT                                 build/stm32f1xx_hal_uart.o
HAL_UART_DMAPause                                 build/stm32f1xx_hal_uart.o
HAL_UART_DMAResume                                build/stm32f1xx_hal_uart.o
HAL_UART_DMAStop                                  build/stm32f1xx_hal_uart.o
HAL_UART_DeInit                                   build/stm32f1xx_hal_uart.o
HAL_UART_ErrorCallback                            build/stm32f1xx_hal_uart.o
HAL_UART_GetError                                 build/stm32f1xx_hal_uart.o
HAL_UART_GetState                                 build/stm32f1xx_hal_uart.o
HAL_UART_IRQHandler                               build/stm32f1xx_hal_uart.o
                                                  build/stm32f1xx_it.o
HAL_UART_Init                                     build/stm32f1xx_hal_uart.o
                                                  build/usart.o
HAL_UART_MspDeInit                                build/usart.o
HAL_UART_MspInit                                  build/usart.o
HAL_UART_Receive                                  build/stm32f1xx_hal_uart.o
HAL_UART_Receive_DMA                              build/stm32f1xx_hal_uart.o
HAL_UART_Receive_IT                               build/stm32f1xx_hal_uart.o
HAL_UART_RxCpltCallback                           build/stm32f1xx_hal_uart.o
HAL_UART_RxHalfCpltCallback                       build/stm32f1xx_hal_uart.o
HAL_UART_Transmit                                 build/stm32f1xx_hal_uart.o
                                                  build/main.o
HAL_UART_Transmit_DMA                             build/stm32f1xx_hal_uart.o
HAL_UART_Transmit_IT                              build/stm32f1xx_hal_uart.o
HAL_UART_TxCpltCallback                           build/stm32f1xx_hal_uart.o
HAL_UART_TxHalfCpltCallback                       build/stm32f1xx_hal_uart.o
HardFault_Handler                                 build/stm32f1xx_it.o
I2C1_ER_IRQHandler                                build/startup_stm32f103xb.o
I2C1_EV_IRQHandler                                build/startup_stm32f103xb.o
I2C2_ER_IRQHandler                                build/startup_stm32f103xb.o
I2C2_EV_IRQHandler                                build/startup_stm32f103xb.o
MX_ADC1_Init                                      build/adc.o
                                                  build/main.o
MX_DMA_Init                                       build/dma.o
                                                  build/main.o
MX_GPIO_Init                                      build/gpio.o
                                                  build/main.o
MX_USART1_UART_Init                               build/usart.o
                                                  build/main.o
MemManage_Handler                                 build/stm32f1xx_it.o
NMI_Handler                                       build/stm32f1xx_it.o
PVD_IRQHandler                                    build/startup_stm32f103xb.o
PendSV_Handler                                    build/stm32f1xx_it.o
RCC_IRQHandler                                    build/startup_stm32f103xb.o
RTC_Alarm_IRQHandler                              build/startup_stm32f103xb.o
RTC_IRQHandler                                    build/startup_stm32f103xb.o
Reset_Handler                                     build/startup_stm32f103xb.o
SPI1_IRQHandler                                   build/startup_stm32f103xb.o
SPI2_IRQHandler                                   build/startup_stm32f103xb.o
SVC_Handler                                       build/stm32f1xx_it.o
SysTick_Handler                                   build/stm32f1xx_it.o
SystemClock_Config                                build/main.o
SystemCoreClock                                   build/system_stm32f1xx.o
                                                  build/stm32f1xx_hal_adc_ex.o
                                                  build/stm32f1xx_hal_adc.o
                                                  build/stm32f1xx_hal_rcc.o
                                                  build/stm32f1xx_hal.o
SystemCoreClockUpdate                             build/system_stm32f1xx.o
SystemInit                                        build/system_stm32f1xx.o
                                                  build/startup_stm32f103xb.o
TAMPER_IRQHandler                                 build/startup_stm32f103xb.o
TIM1_BRK_IRQHandler                               build/startup_stm32f103xb.o
TIM1_CC_IRQHandler                                build/startup_stm32f103xb.o
TIM1_TRG_COM_IRQHandler                           build/startup_stm32f103xb.o
TIM1_UP_IRQHandler                                build/startup_stm32f103xb.o
TIM2_IRQHandler                                   build/startup_stm32f103xb.o
TIM3_IRQHandler                                   build/startup_stm32f103xb.o
TIM4_IRQHandler                                   build/startup_stm32f103xb.o
UART_Start_Receive_DMA                            build/stm32f1xx_hal_uart.o
UART_Start_Receive_IT                             build/stm32f1xx_hal_uart.o
USART1_IRQHandler                                 build/stm32f1xx_it.o
USART2_IRQHandler                                 build/startup_stm32f103xb.o
USART3_IRQHandler                                 build/startup_stm32f103xb.o
USBWakeUp_IRQHandler                              build/startup_stm32f103xb.o
USB_HP_CAN1_TX_IRQHandler                         build/startup_stm32f103xb.o
USB_LP_CAN1_RX0_IRQHandler                        build/startup_stm32f103xb.o
UsageFault_Handler                                build/stm32f1xx_it.o
WWDG_IRQHandler                                   build/startup_stm32f103xb.o
_ITM_deregisterTMCloneTable                       c:/compilers/arm-none-eabi/11.2_2022.02/bin/../lib/gcc/arm-none-eabi/11.2.1/thumb/v7-m/nofp/crtbegin.o
_ITM_registerTMCloneTable                         c:/compilers/arm-none-eabi/11.2_2022.02/bin/../lib/gcc/arm-none-eabi/11.2.1/thumb/v7-m/nofp/crtbegin.o
__TMC_END__                                       c:/compilers/arm-none-eabi/11.2_2022.02/bin/../lib/gcc/arm-none-eabi/11.2.1/thumb/v7-m/nofp/crtend.o
                                                  c:/compilers/arm-none-eabi/11.2_2022.02/bin/../lib/gcc/arm-none-eabi/11.2.1/thumb/v7-m/nofp/crtbegin.o
__bss_end__                                       c:/compilers/arm-none-eabi/11.2_2022.02/bin/../lib/gcc/arm-none-eabi/11.2.1/thumb/v7-m/nofp/crt0.o
__bss_start__                                     c:/compilers/arm-none-eabi/11.2_2022.02/bin/../lib/gcc/arm-none-eabi/11.2.1/thumb/v7-m/nofp/crt0.o
__call_exitprocs                                  c:/compilers/arm-none-eabi/11.2_2022.02/bin/../lib/gcc/arm-none-eabi/11.2.1/thumb/v7-m/nofp\libc_nano.a(lib_a-exit.o)
__deregister_frame_info                           c:/compilers/arm-none-eabi/11.2_2022.02/bin/../lib/gcc/arm-none-eabi/11.2.1/thumb/v7-m/nofp/crtbegin.o
__dso_handle                                      c:/compilers/arm-none-eabi/11.2_2022.02/bin/../lib/gcc/arm-none-eabi/11.2.1/thumb/v7-m/nofp/crtbegin.o
__init_array_end                                  c:/compilers/arm-none-eabi/11.2_2022.02/bin/../lib/gcc/arm-none-eabi/11.2.1/thumb/v7-m/nofp\libc_nano.a(lib_a-init.o)
__init_array_start                                c:/compilers/arm-none-eabi/11.2_2022.02/bin/../lib/gcc/arm-none-eabi/11.2.1/thumb/v7-m/nofp\libc_nano.a(lib_a-init.o)
__libc_fini_array                                 c:/compilers/arm-none-eabi/11.2_2022.02/bin/../lib/gcc/arm-none-eabi/11.2.1/thumb/v7-m/nofp/crt0.o
__libc_init_array                                 c:/compilers/arm-none-eabi/11.2_2022.02/bin/../lib/gcc/arm-none-eabi/11.2.1/thumb/v7-m/nofp\libc_nano.a(lib_a-init.o)
                                                  build/startup_stm32f103xb.o
                                                  c:/compilers/arm-none-eabi/11.2_2022.02/bin/../lib/gcc/arm-none-eabi/11.2.1/thumb/v7-m/nofp/crt0.o
__preinit_array_end                               c:/compilers/arm-none-eabi/11.2_2022.02/bin/../lib/gcc/arm-none-eabi/11.2.1/thumb/v7-m/nofp\libc_nano.a(lib_a-init.o)
__preinit_array_start                             c:/compilers/arm-none-eabi/11.2_2022.02/bin/../lib/gcc/arm-none-eabi/11.2.1/thumb/v7-m/nofp\libc_nano.a(lib_a-init.o)
__register_frame_info                             c:/compilers/arm-none-eabi/11.2_2022.02/bin/../lib/gcc/arm-none-eabi/11.2.1/thumb/v7-m/nofp/crtbegin.o
__sf_fake_stderr                                  c:/compilers/arm-none-eabi/11.2_2022.02/bin/../lib/gcc/arm-none-eabi/11.2.1/thumb/v7-m/nofp\libc_nano.a(lib_a-impure.o)
__sf_fake_stdin                                   c:/compilers/arm-none-eabi/11.2_2022.02/bin/../lib/gcc/arm-none-eabi/11.2.1/thumb/v7-m/nofp\libc_nano.a(lib_a-impure.o)
__sf_fake_stdout                                  c:/compilers/arm-none-eabi/11.2_2022.02/bin/../lib/gcc/arm-none-eabi/11.2.1/thumb/v7-m/nofp\libc_nano.a(lib_a-impure.o)
__stack                                           c:/compilers/arm-none-eabi/11.2_2022.02/bin/../lib/gcc/arm-none-eabi/11.2.1/thumb/v7-m/nofp/crt0.o
_ebss                                             build/startup_stm32f103xb.o
_edata                                            build/startup_stm32f103xb.o
_estack                                           build/startup_stm32f103xb.o
_exit                                             c:/compilers/arm-none-eabi/11.2_2022.02/bin/../lib/gcc/arm-none-eabi/11.2.1/thumb/v7-m/nofp\libnosys.a(_exit.o)
                                                  c:/compilers/arm-none-eabi/11.2_2022.02/bin/../lib/gcc/arm-none-eabi/11.2.1/thumb/v7-m/nofp\libc_nano.a(lib_a-exit.o)
_fini                                             c:/compilers/arm-none-eabi/11.2_2022.02/bin/../lib/gcc/arm-none-eabi/11.2.1/thumb/v7-m/nofp/crti.o
_global_impure_ptr                                c:/compilers/arm-none-eabi/11.2_2022.02/bin/../lib/gcc/arm-none-eabi/11.2.1/thumb/v7-m/nofp\libc_nano.a(lib_a-impure.o)
                                                  c:/compilers/arm-none-eabi/11.2_2022.02/bin/../lib/gcc/arm-none-eabi/11.2.1/thumb/v7-m/nofp\libc_nano.a(lib_a-exit.o)
_impure_ptr                                       c:/compilers/arm-none-eabi/11.2_2022.02/bin/../lib/gcc/arm-none-eabi/11.2.1/thumb/v7-m/nofp\libc_nano.a(lib_a-impure.o)
_init                                             c:/compilers/arm-none-eabi/11.2_2022.02/bin/../lib/gcc/arm-none-eabi/11.2.1/thumb/v7-m/nofp/crti.o
                                                  c:/compilers/arm-none-eabi/11.2_2022.02/bin/../lib/gcc/arm-none-eabi/11.2.1/thumb/v7-m/nofp\libc_nano.a(lib_a-init.o)
_mainCRTStartup                                   c:/compilers/arm-none-eabi/11.2_2022.02/bin/../lib/gcc/arm-none-eabi/11.2.1/thumb/v7-m/nofp/crt0.o
_sbss                                             build/startup_stm32f103xb.o
_sdata                                            build/startup_stm32f103xb.o
_sidata                                           build/startup_stm32f103xb.o
_stack_init                                       c:/compilers/arm-none-eabi/11.2_2022.02/bin/../lib/gcc/arm-none-eabi/11.2.1/thumb/v7-m/nofp/crt0.o
_start                                            c:/compilers/arm-none-eabi/11.2_2022.02/bin/../lib/gcc/arm-none-eabi/11.2.1/thumb/v7-m/nofp/crt0.o
atexit                                            c:/compilers/arm-none-eabi/11.2_2022.02/bin/../lib/gcc/arm-none-eabi/11.2.1/thumb/v7-m/nofp/crt0.o
buttonState                                       build/main.o
buttonState2                                      build/main.o
exit                                              c:/compilers/arm-none-eabi/11.2_2022.02/bin/../lib/gcc/arm-none-eabi/11.2.1/thumb/v7-m/nofp\libc_nano.a(lib_a-exit.o)
                                                  c:/compilers/arm-none-eabi/11.2_2022.02/bin/../lib/gcc/arm-none-eabi/11.2.1/thumb/v7-m/nofp/crt0.o
g_pfnVectors                                      build/startup_stm32f103xb.o
hadc1                                             build/adc.o
                                                  build/stm32f1xx_it.o
                                                  build/main.o
hardware_init_hook                                c:/compilers/arm-none-eabi/11.2_2022.02/bin/../lib/gcc/arm-none-eabi/11.2.1/thumb/v7-m/nofp/crt0.o
hdma_adc1                                         build/adc.o
                                                  build/stm32f1xx_it.o
huart1                                            build/usart.o
                                                  build/stm32f1xx_it.o
                                                  build/main.o
main                                              build/main.o
                                                  build/startup_stm32f103xb.o
                                                  c:/compilers/arm-none-eabi/11.2_2022.02/bin/../lib/gcc/arm-none-eabi/11.2.1/thumb/v7-m/nofp/crt0.o
memset                                            c:/compilers/arm-none-eabi/11.2_2022.02/bin/../lib/gcc/arm-none-eabi/11.2.1/thumb/v7-m/nofp\libc_nano.a(lib_a-memset.o)
                                                  build/stm32f1xx_hal_adc_ex.o
                                                  build/main.o
                                                  c:/compilers/arm-none-eabi/11.2_2022.02/bin/../lib/gcc/arm-none-eabi/11.2.1/thumb/v7-m/nofp/crt0.o
pFlash                                            build/stm32f1xx_hal_flash.o
                                                  build/stm32f1xx_hal_flash_ex.o
readValue                                         build/main.o
software_init_hook                                c:/compilers/arm-none-eabi/11.2_2022.02/bin/../lib/gcc/arm-none-eabi/11.2.1/thumb/v7-m/nofp/crt0.o
test                                              build/main.o
uwTick                                            build/stm32f1xx_hal.o
uwTickFreq                                        build/stm32f1xx_hal.o
uwTickPrio                                        build/stm32f1xx_hal.o
                                                  build/stm32f1xx_hal_rcc.o
